2025-08-01 07:31:05 - ============================================================
2025-08-01 07:31:05 - Starting Final Training Suite
2025-08-01 07:31:05 -   - Model: 1L-1H-92D
2025-08-01 07:31:05 -   - Data: data/simple_graph/composition_90_mixed_20
2025-08-01 07:31:05 -   - Mixing Ratio: 20%
2025-08-01 07:31:05 -   - Seed: 456
2025-08-01 07:31:05 -   - Output Directory: out_d92/composition_mix20_seed456_20250801_073105
2025-08-01 07:31:05 - ============================================================
2025-08-01 07:31:05 - Model initialized: 0.11M parameters
2025-08-01 07:31:05 - 
Starting training...
2025-08-01 07:31:30 - 
============================================================
2025-08-01 07:31:30 - Iteration 1000 | Mix 20% | Seed 456 | Dim 92
2025-08-01 07:31:30 - Loss: val=1.0205 | LR: 2.50e-04
2025-08-01 07:31:30 -   S1->S2: 98.00% (49/50)
2025-08-01 07:31:30 -   S2->S3: 98.00% (49/50)
2025-08-01 07:31:30 -   S1->S3: 86.00% (43/50)
2025-08-01 07:31:54 - 
============================================================
2025-08-01 07:31:54 - Iteration 2000 | Mix 20% | Seed 456 | Dim 92
2025-08-01 07:31:54 - Loss: val=0.9748 | LR: 5.00e-04
2025-08-01 07:31:54 -   S1->S2: 100.00% (50/50)
2025-08-01 07:31:54 -   S2->S3: 100.00% (50/50)
2025-08-01 07:31:54 -   S1->S3: 94.00% (47/50)
2025-08-01 07:32:19 - 
============================================================
2025-08-01 07:32:19 - Iteration 3000 | Mix 20% | Seed 456 | Dim 92
2025-08-01 07:32:19 - Loss: val=1.0012 | LR: 5.00e-04
2025-08-01 07:32:19 -   S1->S2: 100.00% (50/50)
2025-08-01 07:32:19 -   S2->S3: 100.00% (50/50)
2025-08-01 07:32:19 -   S1->S3: 98.00% (49/50)
2025-08-01 07:32:43 - 
============================================================
2025-08-01 07:32:43 - Iteration 4000 | Mix 20% | Seed 456 | Dim 92
2025-08-01 07:32:43 - Loss: val=1.0100 | LR: 5.00e-04
2025-08-01 07:32:43 -   S1->S2: 100.00% (50/50)
2025-08-01 07:32:43 -   S2->S3: 100.00% (50/50)
2025-08-01 07:32:43 -   S1->S3: 100.00% (50/50)
2025-08-01 07:33:07 - 
============================================================
2025-08-01 07:33:07 - Iteration 5000 | Mix 20% | Seed 456 | Dim 92
2025-08-01 07:33:07 - Loss: val=1.0288 | LR: 5.00e-04
2025-08-01 07:33:07 -   S1->S2: 100.00% (50/50)
2025-08-01 07:33:07 -   S2->S3: 100.00% (50/50)
2025-08-01 07:33:07 -   S1->S3: 92.00% (46/50)
2025-08-01 07:33:31 - 
============================================================
2025-08-01 07:33:31 - Iteration 6000 | Mix 20% | Seed 456 | Dim 92
2025-08-01 07:33:31 - Loss: val=1.0530 | LR: 5.00e-04
2025-08-01 07:33:31 -   S1->S2: 100.00% (50/50)
2025-08-01 07:33:31 -   S2->S3: 100.00% (50/50)
2025-08-01 07:33:31 -   S1->S3: 96.00% (48/50)
2025-08-01 07:33:56 - 
============================================================
2025-08-01 07:33:56 - Iteration 7000 | Mix 20% | Seed 456 | Dim 92
2025-08-01 07:33:56 - Loss: val=1.0552 | LR: 5.00e-04
2025-08-01 07:33:56 -   S1->S2: 100.00% (50/50)
2025-08-01 07:33:56 -   S2->S3: 100.00% (50/50)
2025-08-01 07:33:56 -   S1->S3: 92.00% (46/50)
2025-08-01 07:34:20 - 
============================================================
2025-08-01 07:34:20 - Iteration 8000 | Mix 20% | Seed 456 | Dim 92
2025-08-01 07:34:20 - Loss: val=1.0414 | LR: 5.00e-04
2025-08-01 07:34:20 -   S1->S2: 100.00% (50/50)
2025-08-01 07:34:20 -   S2->S3: 100.00% (50/50)
2025-08-01 07:34:20 -   S1->S3: 92.00% (46/50)
2025-08-01 07:34:44 - 
============================================================
2025-08-01 07:34:44 - Iteration 9000 | Mix 20% | Seed 456 | Dim 92
2025-08-01 07:34:44 - Loss: val=1.0796 | LR: 5.00e-04
2025-08-01 07:34:44 -   S1->S2: 100.00% (50/50)
2025-08-01 07:34:44 -   S2->S3: 100.00% (50/50)
2025-08-01 07:34:44 -   S1->S3: 86.00% (43/50)
2025-08-01 07:35:09 - 
============================================================
2025-08-01 07:35:09 - Iteration 10000 | Mix 20% | Seed 456 | Dim 92
2025-08-01 07:35:09 - Loss: val=1.0806 | LR: 5.00e-04
2025-08-01 07:35:09 -   S1->S2: 100.00% (50/50)
2025-08-01 07:35:09 -   S2->S3: 100.00% (50/50)
2025-08-01 07:35:09 -   S1->S3: 88.00% (44/50)
2025-08-01 07:35:33 - 
============================================================
2025-08-01 07:35:33 - Iteration 11000 | Mix 20% | Seed 456 | Dim 92
2025-08-01 07:35:33 - Loss: val=1.0844 | LR: 5.00e-04
2025-08-01 07:35:33 -   S1->S2: 100.00% (50/50)
2025-08-01 07:35:33 -   S2->S3: 100.00% (50/50)
2025-08-01 07:35:33 -   S1->S3: 90.00% (45/50)
2025-08-01 07:35:57 - 
============================================================
2025-08-01 07:35:57 - Iteration 12000 | Mix 20% | Seed 456 | Dim 92
2025-08-01 07:35:57 - Loss: val=1.0962 | LR: 5.00e-04
2025-08-01 07:35:57 -   S1->S2: 100.00% (50/50)
2025-08-01 07:35:57 -   S2->S3: 100.00% (50/50)
2025-08-01 07:35:57 -   S1->S3: 88.00% (44/50)
2025-08-01 07:36:22 - 
============================================================
2025-08-01 07:36:22 - Iteration 13000 | Mix 20% | Seed 456 | Dim 92
2025-08-01 07:36:22 - Loss: val=1.1042 | LR: 5.00e-04
2025-08-01 07:36:22 -   S1->S2: 100.00% (50/50)
2025-08-01 07:36:22 -   S2->S3: 100.00% (50/50)
2025-08-01 07:36:22 -   S1->S3: 86.00% (43/50)
2025-08-01 07:36:46 - 
============================================================
2025-08-01 07:36:46 - Iteration 14000 | Mix 20% | Seed 456 | Dim 92
2025-08-01 07:36:46 - Loss: val=1.1028 | LR: 5.00e-04
2025-08-01 07:36:46 -   S1->S2: 100.00% (50/50)
2025-08-01 07:36:46 -   S2->S3: 100.00% (50/50)
2025-08-01 07:36:46 -   S1->S3: 94.00% (47/50)
2025-08-01 07:37:10 - 
============================================================
2025-08-01 07:37:10 - Iteration 15000 | Mix 20% | Seed 456 | Dim 92
2025-08-01 07:37:10 - Loss: val=1.1169 | LR: 5.00e-04
2025-08-01 07:37:10 -   S1->S2: 100.00% (50/50)
2025-08-01 07:37:10 -   S2->S3: 100.00% (50/50)
2025-08-01 07:37:10 -   S1->S3: 90.00% (45/50)
2025-08-01 07:37:34 - 
============================================================
2025-08-01 07:37:34 - Iteration 16000 | Mix 20% | Seed 456 | Dim 92
2025-08-01 07:37:34 - Loss: val=1.1125 | LR: 5.00e-04
2025-08-01 07:37:34 -   S1->S2: 100.00% (50/50)
2025-08-01 07:37:34 -   S2->S3: 100.00% (50/50)
2025-08-01 07:37:34 -   S1->S3: 94.00% (47/50)
2025-08-01 07:37:59 - 
============================================================
2025-08-01 07:37:59 - Iteration 17000 | Mix 20% | Seed 456 | Dim 92
2025-08-01 07:37:59 - Loss: val=1.1241 | LR: 5.00e-04
2025-08-01 07:37:59 -   S1->S2: 100.00% (50/50)
2025-08-01 07:37:59 -   S2->S3: 100.00% (50/50)
2025-08-01 07:37:59 -   S1->S3: 90.00% (45/50)
2025-08-01 07:38:23 - 
============================================================
2025-08-01 07:38:23 - Iteration 18000 | Mix 20% | Seed 456 | Dim 92
2025-08-01 07:38:23 - Loss: val=1.1085 | LR: 5.00e-04
2025-08-01 07:38:23 -   S1->S2: 100.00% (50/50)
2025-08-01 07:38:23 -   S2->S3: 100.00% (50/50)
2025-08-01 07:38:23 -   S1->S3: 94.00% (47/50)
2025-08-01 07:38:47 - 
============================================================
2025-08-01 07:38:47 - Iteration 19000 | Mix 20% | Seed 456 | Dim 92
2025-08-01 07:38:47 - Loss: val=1.1310 | LR: 5.00e-04
2025-08-01 07:38:47 -   S1->S2: 100.00% (50/50)
2025-08-01 07:38:47 -   S2->S3: 100.00% (50/50)
2025-08-01 07:38:47 -   S1->S3: 88.00% (44/50)
2025-08-01 07:39:12 - 
============================================================
2025-08-01 07:39:12 - Iteration 20000 | Mix 20% | Seed 456 | Dim 92
2025-08-01 07:39:12 - Loss: val=1.1351 | LR: 5.00e-04
2025-08-01 07:39:12 -   S1->S2: 100.00% (50/50)
2025-08-01 07:39:12 -   S2->S3: 100.00% (50/50)
2025-08-01 07:39:12 -   S1->S3: 92.00% (46/50)
2025-08-01 07:39:36 - 
============================================================
2025-08-01 07:39:36 - Iteration 21000 | Mix 20% | Seed 456 | Dim 92
2025-08-01 07:39:36 - Loss: val=1.1411 | LR: 5.00e-04
2025-08-01 07:39:36 -   S1->S2: 100.00% (50/50)
2025-08-01 07:39:36 -   S2->S3: 100.00% (50/50)
2025-08-01 07:39:36 -   S1->S3: 90.00% (45/50)
2025-08-01 07:40:00 - 
============================================================
2025-08-01 07:40:00 - Iteration 22000 | Mix 20% | Seed 456 | Dim 92
2025-08-01 07:40:00 - Loss: val=1.1375 | LR: 5.00e-04
2025-08-01 07:40:00 -   S1->S2: 100.00% (50/50)
2025-08-01 07:40:00 -   S2->S3: 100.00% (50/50)
2025-08-01 07:40:00 -   S1->S3: 84.00% (42/50)
2025-08-01 07:40:24 - 
============================================================
2025-08-01 07:40:24 - Iteration 23000 | Mix 20% | Seed 456 | Dim 92
2025-08-01 07:40:24 - Loss: val=1.1504 | LR: 5.00e-04
2025-08-01 07:40:24 -   S1->S2: 100.00% (50/50)
2025-08-01 07:40:24 -   S2->S3: 100.00% (50/50)
2025-08-01 07:40:24 -   S1->S3: 88.00% (44/50)
2025-08-01 07:40:49 - 
============================================================
2025-08-01 07:40:49 - Iteration 24000 | Mix 20% | Seed 456 | Dim 92
2025-08-01 07:40:49 - Loss: val=1.1235 | LR: 5.00e-04
2025-08-01 07:40:49 -   S1->S2: 100.00% (50/50)
2025-08-01 07:40:49 -   S2->S3: 100.00% (50/50)
2025-08-01 07:40:49 -   S1->S3: 90.00% (45/50)
2025-08-01 07:41:13 - 
============================================================
2025-08-01 07:41:13 - Iteration 25000 | Mix 20% | Seed 456 | Dim 92
2025-08-01 07:41:13 - Loss: val=1.1431 | LR: 5.00e-04
2025-08-01 07:41:13 -   S1->S2: 100.00% (50/50)
2025-08-01 07:41:13 -   S2->S3: 100.00% (50/50)
2025-08-01 07:41:13 -   S1->S3: 94.00% (47/50)
2025-08-01 07:41:37 - 
============================================================
2025-08-01 07:41:37 - Iteration 26000 | Mix 20% | Seed 456 | Dim 92
2025-08-01 07:41:37 - Loss: val=1.1593 | LR: 5.00e-04
2025-08-01 07:41:37 -   S1->S2: 100.00% (50/50)
2025-08-01 07:41:37 -   S2->S3: 100.00% (50/50)
2025-08-01 07:41:37 -   S1->S3: 92.00% (46/50)
2025-08-01 07:42:02 - 
============================================================
2025-08-01 07:42:02 - Iteration 27000 | Mix 20% | Seed 456 | Dim 92
2025-08-01 07:42:02 - Loss: val=1.1509 | LR: 5.00e-04
2025-08-01 07:42:02 -   S1->S2: 100.00% (50/50)
2025-08-01 07:42:02 -   S2->S3: 100.00% (50/50)
2025-08-01 07:42:02 -   S1->S3: 90.00% (45/50)
2025-08-01 07:42:26 - 
============================================================
2025-08-01 07:42:26 - Iteration 28000 | Mix 20% | Seed 456 | Dim 92
2025-08-01 07:42:26 - Loss: val=1.1407 | LR: 5.00e-04
2025-08-01 07:42:26 -   S1->S2: 100.00% (50/50)
2025-08-01 07:42:26 -   S2->S3: 100.00% (50/50)
2025-08-01 07:42:26 -   S1->S3: 84.00% (42/50)
2025-08-01 07:42:50 - 
============================================================
2025-08-01 07:42:50 - Iteration 29000 | Mix 20% | Seed 456 | Dim 92
2025-08-01 07:42:50 - Loss: val=1.1496 | LR: 5.00e-04
2025-08-01 07:42:50 -   S1->S2: 100.00% (50/50)
2025-08-01 07:42:50 -   S2->S3: 100.00% (50/50)
2025-08-01 07:42:50 -   S1->S3: 92.00% (46/50)
2025-08-01 07:43:15 - 
============================================================
2025-08-01 07:43:15 - Iteration 30000 | Mix 20% | Seed 456 | Dim 92
2025-08-01 07:43:15 - Loss: val=1.1522 | LR: 5.00e-04
2025-08-01 07:43:15 -   S1->S2: 100.00% (50/50)
2025-08-01 07:43:15 -   S2->S3: 100.00% (50/50)
2025-08-01 07:43:15 -   S1->S3: 90.00% (45/50)
2025-08-01 07:43:39 - 
============================================================
2025-08-01 07:43:39 - Iteration 31000 | Mix 20% | Seed 456 | Dim 92
2025-08-01 07:43:39 - Loss: val=1.1448 | LR: 5.00e-04
2025-08-01 07:43:39 -   S1->S2: 100.00% (50/50)
2025-08-01 07:43:39 -   S2->S3: 100.00% (50/50)
2025-08-01 07:43:39 -   S1->S3: 92.00% (46/50)
2025-08-01 07:44:03 - 
============================================================
2025-08-01 07:44:03 - Iteration 32000 | Mix 20% | Seed 456 | Dim 92
2025-08-01 07:44:03 - Loss: val=1.1584 | LR: 5.00e-04
2025-08-01 07:44:03 -   S1->S2: 100.00% (50/50)
2025-08-01 07:44:03 -   S2->S3: 100.00% (50/50)
2025-08-01 07:44:03 -   S1->S3: 92.00% (46/50)
2025-08-01 07:44:28 - 
============================================================
2025-08-01 07:44:28 - Iteration 33000 | Mix 20% | Seed 456 | Dim 92
2025-08-01 07:44:28 - Loss: val=1.1516 | LR: 5.00e-04
2025-08-01 07:44:28 -   S1->S2: 100.00% (50/50)
2025-08-01 07:44:28 -   S2->S3: 100.00% (50/50)
2025-08-01 07:44:28 -   S1->S3: 88.00% (44/50)
2025-08-01 07:44:52 - 
============================================================
2025-08-01 07:44:52 - Iteration 34000 | Mix 20% | Seed 456 | Dim 92
2025-08-01 07:44:52 - Loss: val=1.1550 | LR: 5.00e-04
2025-08-01 07:44:52 -   S1->S2: 100.00% (50/50)
2025-08-01 07:44:52 -   S2->S3: 100.00% (50/50)
2025-08-01 07:44:52 -   S1->S3: 88.00% (44/50)
2025-08-01 07:45:16 - 
============================================================
2025-08-01 07:45:16 - Iteration 35000 | Mix 20% | Seed 456 | Dim 92
2025-08-01 07:45:16 - Loss: val=1.1608 | LR: 5.00e-04
2025-08-01 07:45:16 -   S1->S2: 100.00% (50/50)
2025-08-01 07:45:16 -   S2->S3: 100.00% (50/50)
2025-08-01 07:45:16 -   S1->S3: 90.00% (45/50)
2025-08-01 07:45:41 - 
============================================================
2025-08-01 07:45:41 - Iteration 36000 | Mix 20% | Seed 456 | Dim 92
2025-08-01 07:45:41 - Loss: val=1.1385 | LR: 5.00e-04
2025-08-01 07:45:41 -   S1->S2: 100.00% (50/50)
2025-08-01 07:45:41 -   S2->S3: 100.00% (50/50)
2025-08-01 07:45:41 -   S1->S3: 88.00% (44/50)
2025-08-01 07:46:05 - 
============================================================
2025-08-01 07:46:05 - Iteration 37000 | Mix 20% | Seed 456 | Dim 92
2025-08-01 07:46:05 - Loss: val=1.1555 | LR: 5.00e-04
2025-08-01 07:46:05 -   S1->S2: 100.00% (50/50)
2025-08-01 07:46:05 -   S2->S3: 100.00% (50/50)
2025-08-01 07:46:05 -   S1->S3: 84.00% (42/50)
2025-08-01 07:46:29 - 
============================================================
2025-08-01 07:46:29 - Iteration 38000 | Mix 20% | Seed 456 | Dim 92
2025-08-01 07:46:29 - Loss: val=1.1673 | LR: 5.00e-04
2025-08-01 07:46:29 -   S1->S2: 100.00% (50/50)
2025-08-01 07:46:29 -   S2->S3: 100.00% (50/50)
2025-08-01 07:46:29 -   S1->S3: 96.00% (48/50)
2025-08-01 07:46:53 - 
============================================================
2025-08-01 07:46:53 - Iteration 39000 | Mix 20% | Seed 456 | Dim 92
2025-08-01 07:46:53 - Loss: val=1.1647 | LR: 5.00e-04
2025-08-01 07:46:53 -   S1->S2: 100.00% (50/50)
2025-08-01 07:46:53 -   S2->S3: 100.00% (50/50)
2025-08-01 07:46:53 -   S1->S3: 90.00% (45/50)
2025-08-01 07:47:18 - 
============================================================
2025-08-01 07:47:18 - Iteration 40000 | Mix 20% | Seed 456 | Dim 92
2025-08-01 07:47:18 - Loss: val=1.1821 | LR: 5.00e-04
2025-08-01 07:47:18 -   S1->S2: 100.00% (50/50)
2025-08-01 07:47:18 -   S2->S3: 100.00% (50/50)
2025-08-01 07:47:18 -   S1->S3: 90.00% (45/50)
2025-08-01 07:47:42 - 
============================================================
2025-08-01 07:47:42 - Iteration 41000 | Mix 20% | Seed 456 | Dim 92
2025-08-01 07:47:42 - Loss: val=1.1620 | LR: 5.00e-04
2025-08-01 07:47:42 -   S1->S2: 100.00% (50/50)
2025-08-01 07:47:42 -   S2->S3: 100.00% (50/50)
2025-08-01 07:47:42 -   S1->S3: 90.00% (45/50)
2025-08-01 07:48:06 - 
============================================================
2025-08-01 07:48:06 - Iteration 42000 | Mix 20% | Seed 456 | Dim 92
2025-08-01 07:48:06 - Loss: val=1.1645 | LR: 5.00e-04
2025-08-01 07:48:06 -   S1->S2: 100.00% (50/50)
2025-08-01 07:48:06 -   S2->S3: 100.00% (50/50)
2025-08-01 07:48:06 -   S1->S3: 92.00% (46/50)
2025-08-01 07:48:30 - 
============================================================
2025-08-01 07:48:30 - Iteration 43000 | Mix 20% | Seed 456 | Dim 92
2025-08-01 07:48:30 - Loss: val=1.1596 | LR: 5.00e-04
2025-08-01 07:48:30 -   S1->S2: 100.00% (50/50)
2025-08-01 07:48:30 -   S2->S3: 100.00% (50/50)
2025-08-01 07:48:30 -   S1->S3: 92.00% (46/50)
2025-08-01 07:48:55 - 
============================================================
2025-08-01 07:48:55 - Iteration 44000 | Mix 20% | Seed 456 | Dim 92
2025-08-01 07:48:55 - Loss: val=1.1776 | LR: 5.00e-04
2025-08-01 07:48:55 -   S1->S2: 100.00% (50/50)
2025-08-01 07:48:55 -   S2->S3: 100.00% (50/50)
2025-08-01 07:48:55 -   S1->S3: 90.00% (45/50)
2025-08-01 07:49:19 - 
============================================================
2025-08-01 07:49:19 - Iteration 45000 | Mix 20% | Seed 456 | Dim 92
2025-08-01 07:49:19 - Loss: val=1.1670 | LR: 5.00e-04
2025-08-01 07:49:19 -   S1->S2: 100.00% (50/50)
2025-08-01 07:49:19 -   S2->S3: 100.00% (50/50)
2025-08-01 07:49:19 -   S1->S3: 90.00% (45/50)
2025-08-01 07:49:43 - 
============================================================
2025-08-01 07:49:43 - Iteration 46000 | Mix 20% | Seed 456 | Dim 92
2025-08-01 07:49:43 - Loss: val=1.1781 | LR: 5.00e-04
2025-08-01 07:49:43 -   S1->S2: 100.00% (50/50)
2025-08-01 07:49:43 -   S2->S3: 100.00% (50/50)
2025-08-01 07:49:43 -   S1->S3: 90.00% (45/50)
2025-08-01 07:50:07 - 
============================================================
2025-08-01 07:50:07 - Iteration 47000 | Mix 20% | Seed 456 | Dim 92
2025-08-01 07:50:07 - Loss: val=1.1787 | LR: 5.00e-04
2025-08-01 07:50:07 -   S1->S2: 100.00% (50/50)
2025-08-01 07:50:07 -   S2->S3: 100.00% (50/50)
2025-08-01 07:50:07 -   S1->S3: 86.00% (43/50)
2025-08-01 07:50:31 - 
============================================================
2025-08-01 07:50:31 - Iteration 48000 | Mix 20% | Seed 456 | Dim 92
2025-08-01 07:50:31 - Loss: val=1.1788 | LR: 5.00e-04
2025-08-01 07:50:31 -   S1->S2: 100.00% (50/50)
2025-08-01 07:50:31 -   S2->S3: 100.00% (50/50)
2025-08-01 07:50:31 -   S1->S3: 86.00% (43/50)
2025-08-01 07:50:55 - 
============================================================
2025-08-01 07:50:55 - Iteration 49000 | Mix 20% | Seed 456 | Dim 92
2025-08-01 07:50:55 - Loss: val=1.1616 | LR: 5.00e-04
2025-08-01 07:50:55 -   S1->S2: 100.00% (50/50)
2025-08-01 07:50:55 -   S2->S3: 100.00% (50/50)
2025-08-01 07:50:55 -   S1->S3: 90.00% (45/50)
2025-08-01 07:51:20 - 
============================================================
2025-08-01 07:51:20 - Iteration 50000 | Mix 20% | Seed 456 | Dim 92
2025-08-01 07:51:20 - Loss: val=1.1887 | LR: 5.00e-04
2025-08-01 07:51:20 -   S1->S2: 100.00% (50/50)
2025-08-01 07:51:20 -   S2->S3: 100.00% (50/50)
2025-08-01 07:51:20 -   S1->S3: 88.00% (44/50)
2025-08-01 07:51:20 - 
============================================================
2025-08-01 07:51:20 - 🎉 Training finished! Results are in: out_d92/composition_mix20_seed456_20250801_073105
2025-08-01 07:51:20 - ============================================================
