2025-08-01 06:08:27 - ============================================================
2025-08-01 06:08:27 - Starting Final Training Suite
2025-08-01 06:08:27 -   - Model: 1L-1H-92D
2025-08-01 06:08:27 -   - Data: data/simple_graph/composition_90
2025-08-01 06:08:27 -   - Mixing Ratio: 0%
2025-08-01 06:08:27 -   - Seed: 123
2025-08-01 06:08:27 -   - Output Directory: out_d92/composition_mix0_seed123_20250801_060827
2025-08-01 06:08:27 - ============================================================
2025-08-01 06:08:28 - Model initialized: 0.11M parameters
2025-08-01 06:08:28 - 
Starting training...
2025-08-01 06:08:53 - 
============================================================
2025-08-01 06:08:53 - Iteration 1000 | Mix 0% | Seed 123 | Dim 92
2025-08-01 06:08:53 - Loss: val=1.3938 | LR: 2.50e-04
2025-08-01 06:08:53 -   S1->S2: 100.00% (50/50)
2025-08-01 06:08:53 -   S2->S3: 100.00% (50/50)
2025-08-01 06:08:53 -   S1->S3: 46.00% (23/50)
2025-08-01 06:09:18 - 
============================================================
2025-08-01 06:09:18 - Iteration 2000 | Mix 0% | Seed 123 | Dim 92
2025-08-01 06:09:18 - Loss: val=1.5018 | LR: 5.00e-04
2025-08-01 06:09:18 -   S1->S2: 100.00% (50/50)
2025-08-01 06:09:18 -   S2->S3: 100.00% (50/50)
2025-08-01 06:09:18 -   S1->S3: 64.00% (32/50)
2025-08-01 06:09:42 - 
============================================================
2025-08-01 06:09:42 - Iteration 3000 | Mix 0% | Seed 123 | Dim 92
2025-08-01 06:09:42 - Loss: val=1.4922 | LR: 5.00e-04
2025-08-01 06:09:42 -   S1->S2: 100.00% (50/50)
2025-08-01 06:09:42 -   S2->S3: 100.00% (50/50)
2025-08-01 06:09:42 -   S1->S3: 68.00% (34/50)
2025-08-01 06:10:07 - 
============================================================
2025-08-01 06:10:07 - Iteration 4000 | Mix 0% | Seed 123 | Dim 92
2025-08-01 06:10:07 - Loss: val=1.5615 | LR: 5.00e-04
2025-08-01 06:10:07 -   S1->S2: 100.00% (50/50)
2025-08-01 06:10:07 -   S2->S3: 100.00% (50/50)
2025-08-01 06:10:07 -   S1->S3: 68.00% (34/50)
2025-08-01 06:10:32 - 
============================================================
2025-08-01 06:10:32 - Iteration 5000 | Mix 0% | Seed 123 | Dim 92
2025-08-01 06:10:32 - Loss: val=1.5827 | LR: 5.00e-04
2025-08-01 06:10:32 -   S1->S2: 100.00% (50/50)
2025-08-01 06:10:32 -   S2->S3: 100.00% (50/50)
2025-08-01 06:10:32 -   S1->S3: 66.00% (33/50)
2025-08-01 06:10:57 - 
============================================================
2025-08-01 06:10:57 - Iteration 6000 | Mix 0% | Seed 123 | Dim 92
2025-08-01 06:10:57 - Loss: val=1.5993 | LR: 5.00e-04
2025-08-01 06:10:57 -   S1->S2: 100.00% (50/50)
2025-08-01 06:10:57 -   S2->S3: 100.00% (50/50)
2025-08-01 06:10:57 -   S1->S3: 58.00% (29/50)
2025-08-01 06:11:21 - 
============================================================
2025-08-01 06:11:21 - Iteration 7000 | Mix 0% | Seed 123 | Dim 92
2025-08-01 06:11:21 - Loss: val=1.6059 | LR: 5.00e-04
2025-08-01 06:11:21 -   S1->S2: 100.00% (50/50)
2025-08-01 06:11:21 -   S2->S3: 100.00% (50/50)
2025-08-01 06:11:21 -   S1->S3: 54.00% (27/50)
2025-08-01 06:11:46 - 
============================================================
2025-08-01 06:11:46 - Iteration 8000 | Mix 0% | Seed 123 | Dim 92
2025-08-01 06:11:46 - Loss: val=1.6373 | LR: 5.00e-04
2025-08-01 06:11:46 -   S1->S2: 100.00% (50/50)
2025-08-01 06:11:46 -   S2->S3: 100.00% (50/50)
2025-08-01 06:11:46 -   S1->S3: 58.00% (29/50)
2025-08-01 06:12:11 - 
============================================================
2025-08-01 06:12:11 - Iteration 9000 | Mix 0% | Seed 123 | Dim 92
2025-08-01 06:12:11 - Loss: val=1.6423 | LR: 5.00e-04
2025-08-01 06:12:11 -   S1->S2: 100.00% (50/50)
2025-08-01 06:12:11 -   S2->S3: 100.00% (50/50)
2025-08-01 06:12:11 -   S1->S3: 64.00% (32/50)
2025-08-01 06:12:36 - 
============================================================
2025-08-01 06:12:36 - Iteration 10000 | Mix 0% | Seed 123 | Dim 92
2025-08-01 06:12:36 - Loss: val=1.6433 | LR: 5.00e-04
2025-08-01 06:12:36 -   S1->S2: 100.00% (50/50)
2025-08-01 06:12:36 -   S2->S3: 100.00% (50/50)
2025-08-01 06:12:36 -   S1->S3: 58.00% (29/50)
2025-08-01 06:13:01 - 
============================================================
2025-08-01 06:13:01 - Iteration 11000 | Mix 0% | Seed 123 | Dim 92
2025-08-01 06:13:01 - Loss: val=1.6364 | LR: 5.00e-04
2025-08-01 06:13:01 -   S1->S2: 100.00% (50/50)
2025-08-01 06:13:01 -   S2->S3: 100.00% (50/50)
2025-08-01 06:13:01 -   S1->S3: 60.00% (30/50)
2025-08-01 06:13:25 - 
============================================================
2025-08-01 06:13:25 - Iteration 12000 | Mix 0% | Seed 123 | Dim 92
2025-08-01 06:13:25 - Loss: val=1.6419 | LR: 5.00e-04
2025-08-01 06:13:25 -   S1->S2: 100.00% (50/50)
2025-08-01 06:13:25 -   S2->S3: 100.00% (50/50)
2025-08-01 06:13:25 -   S1->S3: 50.00% (25/50)
2025-08-01 06:13:50 - 
============================================================
2025-08-01 06:13:50 - Iteration 13000 | Mix 0% | Seed 123 | Dim 92
2025-08-01 06:13:50 - Loss: val=1.6234 | LR: 5.00e-04
2025-08-01 06:13:50 -   S1->S2: 100.00% (50/50)
2025-08-01 06:13:50 -   S2->S3: 100.00% (50/50)
2025-08-01 06:13:50 -   S1->S3: 54.00% (27/50)
2025-08-01 06:14:15 - 
============================================================
2025-08-01 06:14:15 - Iteration 14000 | Mix 0% | Seed 123 | Dim 92
2025-08-01 06:14:15 - Loss: val=1.6144 | LR: 5.00e-04
2025-08-01 06:14:15 -   S1->S2: 100.00% (50/50)
2025-08-01 06:14:15 -   S2->S3: 100.00% (50/50)
2025-08-01 06:14:15 -   S1->S3: 54.00% (27/50)
2025-08-01 06:14:40 - 
============================================================
2025-08-01 06:14:40 - Iteration 15000 | Mix 0% | Seed 123 | Dim 92
2025-08-01 06:14:40 - Loss: val=1.6330 | LR: 5.00e-04
2025-08-01 06:14:40 -   S1->S2: 100.00% (50/50)
2025-08-01 06:14:40 -   S2->S3: 100.00% (50/50)
2025-08-01 06:14:40 -   S1->S3: 48.00% (24/50)
2025-08-01 06:15:04 - 
============================================================
2025-08-01 06:15:04 - Iteration 16000 | Mix 0% | Seed 123 | Dim 92
2025-08-01 06:15:04 - Loss: val=1.6573 | LR: 5.00e-04
2025-08-01 06:15:04 -   S1->S2: 100.00% (50/50)
2025-08-01 06:15:04 -   S2->S3: 100.00% (50/50)
2025-08-01 06:15:04 -   S1->S3: 46.00% (23/50)
2025-08-01 06:15:29 - 
============================================================
2025-08-01 06:15:29 - Iteration 17000 | Mix 0% | Seed 123 | Dim 92
2025-08-01 06:15:29 - Loss: val=1.6471 | LR: 5.00e-04
2025-08-01 06:15:29 -   S1->S2: 100.00% (50/50)
2025-08-01 06:15:29 -   S2->S3: 100.00% (50/50)
2025-08-01 06:15:29 -   S1->S3: 48.00% (24/50)
2025-08-01 06:15:54 - 
============================================================
2025-08-01 06:15:54 - Iteration 18000 | Mix 0% | Seed 123 | Dim 92
2025-08-01 06:15:54 - Loss: val=1.6227 | LR: 5.00e-04
2025-08-01 06:15:54 -   S1->S2: 100.00% (50/50)
2025-08-01 06:15:54 -   S2->S3: 100.00% (50/50)
2025-08-01 06:15:54 -   S1->S3: 48.00% (24/50)
2025-08-01 06:16:19 - 
============================================================
2025-08-01 06:16:19 - Iteration 19000 | Mix 0% | Seed 123 | Dim 92
2025-08-01 06:16:19 - Loss: val=1.6679 | LR: 5.00e-04
2025-08-01 06:16:19 -   S1->S2: 100.00% (50/50)
2025-08-01 06:16:19 -   S2->S3: 100.00% (50/50)
2025-08-01 06:16:19 -   S1->S3: 40.00% (20/50)
2025-08-01 06:16:44 - 
============================================================
2025-08-01 06:16:44 - Iteration 20000 | Mix 0% | Seed 123 | Dim 92
2025-08-01 06:16:44 - Loss: val=1.6257 | LR: 5.00e-04
2025-08-01 06:16:44 -   S1->S2: 100.00% (50/50)
2025-08-01 06:16:44 -   S2->S3: 100.00% (50/50)
2025-08-01 06:16:44 -   S1->S3: 46.00% (23/50)
2025-08-01 06:17:08 - 
============================================================
2025-08-01 06:17:08 - Iteration 21000 | Mix 0% | Seed 123 | Dim 92
2025-08-01 06:17:08 - Loss: val=1.6691 | LR: 5.00e-04
2025-08-01 06:17:08 -   S1->S2: 100.00% (50/50)
2025-08-01 06:17:08 -   S2->S3: 100.00% (50/50)
2025-08-01 06:17:08 -   S1->S3: 42.00% (21/50)
2025-08-01 06:17:33 - 
============================================================
2025-08-01 06:17:33 - Iteration 22000 | Mix 0% | Seed 123 | Dim 92
2025-08-01 06:17:33 - Loss: val=1.6674 | LR: 5.00e-04
2025-08-01 06:17:33 -   S1->S2: 100.00% (50/50)
2025-08-01 06:17:33 -   S2->S3: 100.00% (50/50)
2025-08-01 06:17:33 -   S1->S3: 44.00% (22/50)
2025-08-01 06:17:58 - 
============================================================
2025-08-01 06:17:58 - Iteration 23000 | Mix 0% | Seed 123 | Dim 92
2025-08-01 06:17:58 - Loss: val=1.6996 | LR: 5.00e-04
2025-08-01 06:17:58 -   S1->S2: 100.00% (50/50)
2025-08-01 06:17:58 -   S2->S3: 100.00% (50/50)
2025-08-01 06:17:58 -   S1->S3: 48.00% (24/50)
2025-08-01 06:18:23 - 
============================================================
2025-08-01 06:18:23 - Iteration 24000 | Mix 0% | Seed 123 | Dim 92
2025-08-01 06:18:23 - Loss: val=1.7282 | LR: 5.00e-04
2025-08-01 06:18:23 -   S1->S2: 100.00% (50/50)
2025-08-01 06:18:23 -   S2->S3: 100.00% (50/50)
2025-08-01 06:18:23 -   S1->S3: 48.00% (24/50)
2025-08-01 06:18:48 - 
============================================================
2025-08-01 06:18:48 - Iteration 25000 | Mix 0% | Seed 123 | Dim 92
2025-08-01 06:18:48 - Loss: val=1.7037 | LR: 5.00e-04
2025-08-01 06:18:48 -   S1->S2: 100.00% (50/50)
2025-08-01 06:18:48 -   S2->S3: 100.00% (50/50)
2025-08-01 06:18:48 -   S1->S3: 44.00% (22/50)
2025-08-01 06:19:12 - 
============================================================
2025-08-01 06:19:12 - Iteration 26000 | Mix 0% | Seed 123 | Dim 92
2025-08-01 06:19:12 - Loss: val=1.6980 | LR: 5.00e-04
2025-08-01 06:19:12 -   S1->S2: 100.00% (50/50)
2025-08-01 06:19:12 -   S2->S3: 100.00% (50/50)
2025-08-01 06:19:12 -   S1->S3: 46.00% (23/50)
2025-08-01 06:19:37 - 
============================================================
2025-08-01 06:19:37 - Iteration 27000 | Mix 0% | Seed 123 | Dim 92
2025-08-01 06:19:37 - Loss: val=1.7783 | LR: 5.00e-04
2025-08-01 06:19:37 -   S1->S2: 100.00% (50/50)
2025-08-01 06:19:37 -   S2->S3: 100.00% (50/50)
2025-08-01 06:19:37 -   S1->S3: 46.00% (23/50)
2025-08-01 06:20:02 - 
============================================================
2025-08-01 06:20:02 - Iteration 28000 | Mix 0% | Seed 123 | Dim 92
2025-08-01 06:20:02 - Loss: val=1.7384 | LR: 5.00e-04
2025-08-01 06:20:02 -   S1->S2: 100.00% (50/50)
2025-08-01 06:20:02 -   S2->S3: 100.00% (50/50)
2025-08-01 06:20:02 -   S1->S3: 34.00% (17/50)
2025-08-01 06:20:27 - 
============================================================
2025-08-01 06:20:27 - Iteration 29000 | Mix 0% | Seed 123 | Dim 92
2025-08-01 06:20:27 - Loss: val=1.7455 | LR: 5.00e-04
2025-08-01 06:20:27 -   S1->S2: 100.00% (50/50)
2025-08-01 06:20:27 -   S2->S3: 100.00% (50/50)
2025-08-01 06:20:27 -   S1->S3: 44.00% (22/50)
2025-08-01 06:20:52 - 
============================================================
2025-08-01 06:20:52 - Iteration 30000 | Mix 0% | Seed 123 | Dim 92
2025-08-01 06:20:52 - Loss: val=1.6905 | LR: 5.00e-04
2025-08-01 06:20:52 -   S1->S2: 100.00% (50/50)
2025-08-01 06:20:52 -   S2->S3: 100.00% (50/50)
2025-08-01 06:20:52 -   S1->S3: 44.00% (22/50)
2025-08-01 06:21:16 - 
============================================================
2025-08-01 06:21:16 - Iteration 31000 | Mix 0% | Seed 123 | Dim 92
2025-08-01 06:21:16 - Loss: val=1.7785 | LR: 5.00e-04
2025-08-01 06:21:16 -   S1->S2: 100.00% (50/50)
2025-08-01 06:21:16 -   S2->S3: 100.00% (50/50)
2025-08-01 06:21:16 -   S1->S3: 42.00% (21/50)
2025-08-01 06:21:41 - 
============================================================
2025-08-01 06:21:41 - Iteration 32000 | Mix 0% | Seed 123 | Dim 92
2025-08-01 06:21:41 - Loss: val=1.7386 | LR: 5.00e-04
2025-08-01 06:21:41 -   S1->S2: 100.00% (50/50)
2025-08-01 06:21:41 -   S2->S3: 100.00% (50/50)
2025-08-01 06:21:41 -   S1->S3: 44.00% (22/50)
2025-08-01 06:22:06 - 
============================================================
2025-08-01 06:22:06 - Iteration 33000 | Mix 0% | Seed 123 | Dim 92
2025-08-01 06:22:06 - Loss: val=1.7422 | LR: 5.00e-04
2025-08-01 06:22:06 -   S1->S2: 100.00% (50/50)
2025-08-01 06:22:06 -   S2->S3: 100.00% (50/50)
2025-08-01 06:22:06 -   S1->S3: 56.00% (28/50)
2025-08-01 06:22:31 - 
============================================================
2025-08-01 06:22:31 - Iteration 34000 | Mix 0% | Seed 123 | Dim 92
2025-08-01 06:22:31 - Loss: val=1.7474 | LR: 5.00e-04
2025-08-01 06:22:31 -   S1->S2: 100.00% (50/50)
2025-08-01 06:22:31 -   S2->S3: 100.00% (50/50)
2025-08-01 06:22:31 -   S1->S3: 52.00% (26/50)
2025-08-01 06:22:55 - 
============================================================
2025-08-01 06:22:55 - Iteration 35000 | Mix 0% | Seed 123 | Dim 92
2025-08-01 06:22:55 - Loss: val=1.7078 | LR: 5.00e-04
2025-08-01 06:22:55 -   S1->S2: 100.00% (50/50)
2025-08-01 06:22:55 -   S2->S3: 100.00% (50/50)
2025-08-01 06:22:55 -   S1->S3: 46.00% (23/50)
2025-08-01 06:23:20 - 
============================================================
2025-08-01 06:23:20 - Iteration 36000 | Mix 0% | Seed 123 | Dim 92
2025-08-01 06:23:20 - Loss: val=1.6909 | LR: 5.00e-04
2025-08-01 06:23:20 -   S1->S2: 100.00% (50/50)
2025-08-01 06:23:20 -   S2->S3: 100.00% (50/50)
2025-08-01 06:23:20 -   S1->S3: 48.00% (24/50)
2025-08-01 06:23:45 - 
============================================================
2025-08-01 06:23:45 - Iteration 37000 | Mix 0% | Seed 123 | Dim 92
2025-08-01 06:23:45 - Loss: val=1.7458 | LR: 5.00e-04
2025-08-01 06:23:45 -   S1->S2: 100.00% (50/50)
2025-08-01 06:23:45 -   S2->S3: 100.00% (50/50)
2025-08-01 06:23:45 -   S1->S3: 50.00% (25/50)
2025-08-01 06:24:10 - 
============================================================
2025-08-01 06:24:10 - Iteration 38000 | Mix 0% | Seed 123 | Dim 92
2025-08-01 06:24:10 - Loss: val=1.7144 | LR: 5.00e-04
2025-08-01 06:24:10 -   S1->S2: 100.00% (50/50)
2025-08-01 06:24:10 -   S2->S3: 100.00% (50/50)
2025-08-01 06:24:10 -   S1->S3: 46.00% (23/50)
2025-08-01 06:24:35 - 
============================================================
2025-08-01 06:24:35 - Iteration 39000 | Mix 0% | Seed 123 | Dim 92
2025-08-01 06:24:35 - Loss: val=1.8078 | LR: 5.00e-04
2025-08-01 06:24:35 -   S1->S2: 100.00% (50/50)
2025-08-01 06:24:35 -   S2->S3: 100.00% (50/50)
2025-08-01 06:24:35 -   S1->S3: 52.00% (26/50)
2025-08-01 06:24:59 - 
============================================================
2025-08-01 06:24:59 - Iteration 40000 | Mix 0% | Seed 123 | Dim 92
2025-08-01 06:24:59 - Loss: val=1.7468 | LR: 5.00e-04
2025-08-01 06:24:59 -   S1->S2: 100.00% (50/50)
2025-08-01 06:24:59 -   S2->S3: 100.00% (50/50)
2025-08-01 06:24:59 -   S1->S3: 46.00% (23/50)
2025-08-01 06:25:24 - 
============================================================
2025-08-01 06:25:24 - Iteration 41000 | Mix 0% | Seed 123 | Dim 92
2025-08-01 06:25:24 - Loss: val=1.7027 | LR: 5.00e-04
2025-08-01 06:25:24 -   S1->S2: 100.00% (50/50)
2025-08-01 06:25:24 -   S2->S3: 100.00% (50/50)
2025-08-01 06:25:24 -   S1->S3: 48.00% (24/50)
2025-08-01 06:25:49 - 
============================================================
2025-08-01 06:25:49 - Iteration 42000 | Mix 0% | Seed 123 | Dim 92
2025-08-01 06:25:49 - Loss: val=1.7667 | LR: 5.00e-04
2025-08-01 06:25:49 -   S1->S2: 100.00% (50/50)
2025-08-01 06:25:49 -   S2->S3: 100.00% (50/50)
2025-08-01 06:25:49 -   S1->S3: 48.00% (24/50)
2025-08-01 06:26:14 - 
============================================================
2025-08-01 06:26:14 - Iteration 43000 | Mix 0% | Seed 123 | Dim 92
2025-08-01 06:26:14 - Loss: val=1.7259 | LR: 5.00e-04
2025-08-01 06:26:14 -   S1->S2: 100.00% (50/50)
2025-08-01 06:26:14 -   S2->S3: 100.00% (50/50)
2025-08-01 06:26:14 -   S1->S3: 54.00% (27/50)
2025-08-01 06:26:39 - 
============================================================
2025-08-01 06:26:39 - Iteration 44000 | Mix 0% | Seed 123 | Dim 92
2025-08-01 06:26:39 - Loss: val=1.7318 | LR: 5.00e-04
2025-08-01 06:26:39 -   S1->S2: 100.00% (50/50)
2025-08-01 06:26:39 -   S2->S3: 100.00% (50/50)
2025-08-01 06:26:39 -   S1->S3: 56.00% (28/50)
2025-08-01 06:27:03 - 
============================================================
2025-08-01 06:27:03 - Iteration 45000 | Mix 0% | Seed 123 | Dim 92
2025-08-01 06:27:03 - Loss: val=1.7641 | LR: 5.00e-04
2025-08-01 06:27:03 -   S1->S2: 100.00% (50/50)
2025-08-01 06:27:03 -   S2->S3: 100.00% (50/50)
2025-08-01 06:27:03 -   S1->S3: 58.00% (29/50)
2025-08-01 06:27:28 - 
============================================================
2025-08-01 06:27:28 - Iteration 46000 | Mix 0% | Seed 123 | Dim 92
2025-08-01 06:27:28 - Loss: val=1.7131 | LR: 5.00e-04
2025-08-01 06:27:28 -   S1->S2: 100.00% (50/50)
2025-08-01 06:27:28 -   S2->S3: 100.00% (50/50)
2025-08-01 06:27:28 -   S1->S3: 52.00% (26/50)
2025-08-01 06:27:53 - 
============================================================
2025-08-01 06:27:53 - Iteration 47000 | Mix 0% | Seed 123 | Dim 92
2025-08-01 06:27:53 - Loss: val=1.6935 | LR: 5.00e-04
2025-08-01 06:27:53 -   S1->S2: 100.00% (50/50)
2025-08-01 06:27:53 -   S2->S3: 100.00% (50/50)
2025-08-01 06:27:53 -   S1->S3: 60.00% (30/50)
2025-08-01 06:28:18 - 
============================================================
2025-08-01 06:28:18 - Iteration 48000 | Mix 0% | Seed 123 | Dim 92
2025-08-01 06:28:18 - Loss: val=1.6709 | LR: 5.00e-04
2025-08-01 06:28:18 -   S1->S2: 100.00% (50/50)
2025-08-01 06:28:18 -   S2->S3: 100.00% (50/50)
2025-08-01 06:28:18 -   S1->S3: 62.00% (31/50)
2025-08-01 06:28:43 - 
============================================================
2025-08-01 06:28:43 - Iteration 49000 | Mix 0% | Seed 123 | Dim 92
2025-08-01 06:28:43 - Loss: val=1.6672 | LR: 5.00e-04
2025-08-01 06:28:43 -   S1->S2: 100.00% (50/50)
2025-08-01 06:28:43 -   S2->S3: 100.00% (50/50)
2025-08-01 06:28:43 -   S1->S3: 58.00% (29/50)
2025-08-01 06:29:07 - 
============================================================
2025-08-01 06:29:07 - Iteration 50000 | Mix 0% | Seed 123 | Dim 92
2025-08-01 06:29:07 - Loss: val=1.7215 | LR: 5.00e-04
2025-08-01 06:29:07 -   S1->S2: 100.00% (50/50)
2025-08-01 06:29:07 -   S2->S3: 100.00% (50/50)
2025-08-01 06:29:07 -   S1->S3: 56.00% (28/50)
2025-08-01 06:29:07 - 
============================================================
2025-08-01 06:29:07 - 🎉 Training finished! Results are in: out_d92/composition_mix0_seed123_20250801_060827
2025-08-01 06:29:07 - ============================================================
