2025-08-01 04:26:04 - ============================================================
2025-08-01 04:26:04 - Composition Training
2025-08-01 04:26:04 - Model: 1L-1H-92D
2025-08-01 04:26:04 - Data: data/simple_graph/composition_90
2025-08-01 04:26:04 - Mixing Ratio: 0%
2025-08-01 04:26:04 - Seed: 456
2025-08-01 04:26:04 - Output: out_d92/composition_mix0_seed456_20250801_042604
2025-08-01 04:26:04 - ============================================================
2025-08-01 04:26:05 - Model: 0.11M parameters
2025-08-01 04:26:05 - 
Starting training...
2025-08-01 04:26:30 - 
============================================================
2025-08-01 04:26:30 - Iteration 1000 | Mix 0% | Seed 456 | Dim 92
2025-08-01 04:26:30 - Loss: val=2.4599
2025-08-01 04:26:30 -   S1->S2: 10.00% (5/50)
2025-08-01 04:26:30 -   S2->S3: 28.00% (14/50)
2025-08-01 04:26:30 -   S1->S3: 10.00% (5/50)
2025-08-01 04:26:54 - 
============================================================
2025-08-01 04:26:54 - Iteration 2000 | Mix 0% | Seed 456 | Dim 92
2025-08-01 04:26:54 - Loss: val=2.4851
2025-08-01 04:26:54 -   S1->S2: 2.00% (1/50)
2025-08-01 04:26:54 -   S2->S3: 0.00% (0/50)
2025-08-01 04:26:54 -   S1->S3: 0.00% (0/50)
2025-08-01 04:27:19 - 
============================================================
2025-08-01 04:27:19 - Iteration 3000 | Mix 0% | Seed 456 | Dim 92
2025-08-01 04:27:19 - Loss: val=2.4575
2025-08-01 04:27:19 -   S1->S2: 0.00% (0/50)
2025-08-01 04:27:19 -   S2->S3: 0.00% (0/50)
2025-08-01 04:27:19 -   S1->S3: 0.00% (0/50)
