2025-08-01 07:10:02 - ============================================================
2025-08-01 07:10:02 - Starting Final Training Suite
2025-08-01 07:10:02 -   - Model: 1L-1H-92D
2025-08-01 07:10:02 -   - Data: data/simple_graph/composition_90_mixed_20
2025-08-01 07:10:02 -   - Mixing Ratio: 20%
2025-08-01 07:10:02 -   - Seed: 123
2025-08-01 07:10:02 -   - Output Directory: out_d92/composition_mix20_seed123_20250801_071002
2025-08-01 07:10:02 - ============================================================
2025-08-01 07:10:03 - Model initialized: 0.11M parameters
2025-08-01 07:10:03 - 
Starting training...
2025-08-01 07:10:28 - 
============================================================
2025-08-01 07:10:28 - Iteration 1000 | Mix 20% | Seed 123 | Dim 92
2025-08-01 07:10:28 - Loss: val=0.9976 | LR: 2.50e-04
2025-08-01 07:10:28 -   S1->S2: 96.00% (48/50)
2025-08-01 07:10:28 -   S2->S3: 100.00% (50/50)
2025-08-01 07:10:28 -   S1->S3: 96.00% (48/50)
2025-08-01 07:10:53 - 
============================================================
2025-08-01 07:10:53 - Iteration 2000 | Mix 20% | Seed 123 | Dim 92
2025-08-01 07:10:53 - Loss: val=0.9552 | LR: 5.00e-04
2025-08-01 07:10:53 -   S1->S2: 100.00% (50/50)
2025-08-01 07:10:53 -   S2->S3: 100.00% (50/50)
2025-08-01 07:10:53 -   S1->S3: 94.00% (47/50)
2025-08-01 07:11:19 - 
============================================================
2025-08-01 07:11:19 - Iteration 3000 | Mix 20% | Seed 123 | Dim 92
2025-08-01 07:11:19 - Loss: val=0.9967 | LR: 5.00e-04
2025-08-01 07:11:19 -   S1->S2: 100.00% (50/50)
2025-08-01 07:11:19 -   S2->S3: 100.00% (50/50)
2025-08-01 07:11:19 -   S1->S3: 96.00% (48/50)
2025-08-01 07:11:44 - 
============================================================
2025-08-01 07:11:44 - Iteration 4000 | Mix 20% | Seed 123 | Dim 92
2025-08-01 07:11:44 - Loss: val=1.0150 | LR: 5.00e-04
2025-08-01 07:11:44 -   S1->S2: 100.00% (50/50)
2025-08-01 07:11:44 -   S2->S3: 100.00% (50/50)
2025-08-01 07:11:44 -   S1->S3: 94.00% (47/50)
2025-08-01 07:12:09 - 
============================================================
2025-08-01 07:12:09 - Iteration 5000 | Mix 20% | Seed 123 | Dim 92
2025-08-01 07:12:09 - Loss: val=1.0167 | LR: 5.00e-04
2025-08-01 07:12:09 -   S1->S2: 100.00% (50/50)
2025-08-01 07:12:09 -   S2->S3: 100.00% (50/50)
2025-08-01 07:12:09 -   S1->S3: 94.00% (47/50)
2025-08-01 07:12:34 - 
============================================================
2025-08-01 07:12:34 - Iteration 6000 | Mix 20% | Seed 123 | Dim 92
2025-08-01 07:12:34 - Loss: val=1.0371 | LR: 5.00e-04
2025-08-01 07:12:34 -   S1->S2: 100.00% (50/50)
2025-08-01 07:12:34 -   S2->S3: 100.00% (50/50)
2025-08-01 07:12:34 -   S1->S3: 94.00% (47/50)
2025-08-01 07:12:59 - 
============================================================
2025-08-01 07:12:59 - Iteration 7000 | Mix 20% | Seed 123 | Dim 92
2025-08-01 07:12:59 - Loss: val=1.0497 | LR: 5.00e-04
2025-08-01 07:12:59 -   S1->S2: 100.00% (50/50)
2025-08-01 07:12:59 -   S2->S3: 100.00% (50/50)
2025-08-01 07:12:59 -   S1->S3: 94.00% (47/50)
2025-08-01 07:13:24 - 
============================================================
2025-08-01 07:13:24 - Iteration 8000 | Mix 20% | Seed 123 | Dim 92
2025-08-01 07:13:24 - Loss: val=1.0571 | LR: 5.00e-04
2025-08-01 07:13:24 -   S1->S2: 100.00% (50/50)
2025-08-01 07:13:24 -   S2->S3: 100.00% (50/50)
2025-08-01 07:13:24 -   S1->S3: 88.00% (44/50)
2025-08-01 07:13:49 - 
============================================================
2025-08-01 07:13:49 - Iteration 9000 | Mix 20% | Seed 123 | Dim 92
2025-08-01 07:13:49 - Loss: val=1.0562 | LR: 5.00e-04
2025-08-01 07:13:49 -   S1->S2: 100.00% (50/50)
2025-08-01 07:13:49 -   S2->S3: 100.00% (50/50)
2025-08-01 07:13:49 -   S1->S3: 90.00% (45/50)
2025-08-01 07:14:15 - 
============================================================
2025-08-01 07:14:15 - Iteration 10000 | Mix 20% | Seed 123 | Dim 92
2025-08-01 07:14:15 - Loss: val=1.0821 | LR: 5.00e-04
2025-08-01 07:14:15 -   S1->S2: 100.00% (50/50)
2025-08-01 07:14:15 -   S2->S3: 100.00% (50/50)
2025-08-01 07:14:15 -   S1->S3: 94.00% (47/50)
2025-08-01 07:14:40 - 
============================================================
2025-08-01 07:14:40 - Iteration 11000 | Mix 20% | Seed 123 | Dim 92
2025-08-01 07:14:40 - Loss: val=1.0730 | LR: 5.00e-04
2025-08-01 07:14:40 -   S1->S2: 100.00% (50/50)
2025-08-01 07:14:40 -   S2->S3: 100.00% (50/50)
2025-08-01 07:14:40 -   S1->S3: 92.00% (46/50)
2025-08-01 07:15:05 - 
============================================================
2025-08-01 07:15:05 - Iteration 12000 | Mix 20% | Seed 123 | Dim 92
2025-08-01 07:15:05 - Loss: val=1.0795 | LR: 5.00e-04
2025-08-01 07:15:05 -   S1->S2: 100.00% (50/50)
2025-08-01 07:15:05 -   S2->S3: 100.00% (50/50)
2025-08-01 07:15:05 -   S1->S3: 86.00% (43/50)
2025-08-01 07:15:30 - 
============================================================
2025-08-01 07:15:30 - Iteration 13000 | Mix 20% | Seed 123 | Dim 92
2025-08-01 07:15:30 - Loss: val=1.0692 | LR: 5.00e-04
2025-08-01 07:15:30 -   S1->S2: 100.00% (50/50)
2025-08-01 07:15:30 -   S2->S3: 100.00% (50/50)
2025-08-01 07:15:30 -   S1->S3: 86.00% (43/50)
2025-08-01 07:15:55 - 
============================================================
2025-08-01 07:15:55 - Iteration 14000 | Mix 20% | Seed 123 | Dim 92
2025-08-01 07:15:55 - Loss: val=1.0742 | LR: 5.00e-04
2025-08-01 07:15:55 -   S1->S2: 100.00% (50/50)
2025-08-01 07:15:55 -   S2->S3: 100.00% (50/50)
2025-08-01 07:15:55 -   S1->S3: 90.00% (45/50)
2025-08-01 07:16:21 - 
============================================================
2025-08-01 07:16:21 - Iteration 15000 | Mix 20% | Seed 123 | Dim 92
2025-08-01 07:16:21 - Loss: val=1.0755 | LR: 5.00e-04
2025-08-01 07:16:21 -   S1->S2: 100.00% (50/50)
2025-08-01 07:16:21 -   S2->S3: 100.00% (50/50)
2025-08-01 07:16:21 -   S1->S3: 90.00% (45/50)
2025-08-01 07:16:46 - 
============================================================
2025-08-01 07:16:46 - Iteration 16000 | Mix 20% | Seed 123 | Dim 92
2025-08-01 07:16:46 - Loss: val=1.0681 | LR: 5.00e-04
2025-08-01 07:16:46 -   S1->S2: 100.00% (50/50)
2025-08-01 07:16:46 -   S2->S3: 100.00% (50/50)
2025-08-01 07:16:46 -   S1->S3: 92.00% (46/50)
2025-08-01 07:17:11 - 
============================================================
2025-08-01 07:17:11 - Iteration 17000 | Mix 20% | Seed 123 | Dim 92
2025-08-01 07:17:11 - Loss: val=1.0825 | LR: 5.00e-04
2025-08-01 07:17:11 -   S1->S2: 100.00% (50/50)
2025-08-01 07:17:11 -   S2->S3: 100.00% (50/50)
2025-08-01 07:17:11 -   S1->S3: 90.00% (45/50)
2025-08-01 07:17:36 - 
============================================================
2025-08-01 07:17:36 - Iteration 18000 | Mix 20% | Seed 123 | Dim 92
2025-08-01 07:17:36 - Loss: val=1.0725 | LR: 5.00e-04
2025-08-01 07:17:36 -   S1->S2: 100.00% (50/50)
2025-08-01 07:17:36 -   S2->S3: 100.00% (50/50)
2025-08-01 07:17:36 -   S1->S3: 90.00% (45/50)
2025-08-01 07:18:01 - 
============================================================
2025-08-01 07:18:01 - Iteration 19000 | Mix 20% | Seed 123 | Dim 92
2025-08-01 07:18:01 - Loss: val=1.0844 | LR: 5.00e-04
2025-08-01 07:18:01 -   S1->S2: 100.00% (50/50)
2025-08-01 07:18:01 -   S2->S3: 100.00% (50/50)
2025-08-01 07:18:01 -   S1->S3: 90.00% (45/50)
2025-08-01 07:18:27 - 
============================================================
2025-08-01 07:18:27 - Iteration 20000 | Mix 20% | Seed 123 | Dim 92
2025-08-01 07:18:27 - Loss: val=1.0733 | LR: 5.00e-04
2025-08-01 07:18:27 -   S1->S2: 100.00% (50/50)
2025-08-01 07:18:27 -   S2->S3: 100.00% (50/50)
2025-08-01 07:18:27 -   S1->S3: 90.00% (45/50)
2025-08-01 07:18:52 - 
============================================================
2025-08-01 07:18:52 - Iteration 21000 | Mix 20% | Seed 123 | Dim 92
2025-08-01 07:18:52 - Loss: val=1.0899 | LR: 5.00e-04
2025-08-01 07:18:52 -   S1->S2: 100.00% (50/50)
2025-08-01 07:18:52 -   S2->S3: 100.00% (50/50)
2025-08-01 07:18:52 -   S1->S3: 92.00% (46/50)
2025-08-01 07:19:17 - 
============================================================
2025-08-01 07:19:17 - Iteration 22000 | Mix 20% | Seed 123 | Dim 92
2025-08-01 07:19:17 - Loss: val=1.1059 | LR: 5.00e-04
2025-08-01 07:19:17 -   S1->S2: 100.00% (50/50)
2025-08-01 07:19:17 -   S2->S3: 100.00% (50/50)
2025-08-01 07:19:17 -   S1->S3: 90.00% (45/50)
2025-08-01 07:19:42 - 
============================================================
2025-08-01 07:19:42 - Iteration 23000 | Mix 20% | Seed 123 | Dim 92
2025-08-01 07:19:42 - Loss: val=1.1000 | LR: 5.00e-04
2025-08-01 07:19:42 -   S1->S2: 100.00% (50/50)
2025-08-01 07:19:42 -   S2->S3: 100.00% (50/50)
2025-08-01 07:19:42 -   S1->S3: 88.00% (44/50)
2025-08-01 07:20:07 - 
============================================================
2025-08-01 07:20:07 - Iteration 24000 | Mix 20% | Seed 123 | Dim 92
2025-08-01 07:20:07 - Loss: val=1.1032 | LR: 5.00e-04
2025-08-01 07:20:07 -   S1->S2: 100.00% (50/50)
2025-08-01 07:20:07 -   S2->S3: 100.00% (50/50)
2025-08-01 07:20:07 -   S1->S3: 90.00% (45/50)
2025-08-01 07:20:33 - 
============================================================
2025-08-01 07:20:33 - Iteration 25000 | Mix 20% | Seed 123 | Dim 92
2025-08-01 07:20:33 - Loss: val=1.1065 | LR: 5.00e-04
2025-08-01 07:20:33 -   S1->S2: 100.00% (50/50)
2025-08-01 07:20:33 -   S2->S3: 100.00% (50/50)
2025-08-01 07:20:33 -   S1->S3: 92.00% (46/50)
2025-08-01 07:20:58 - 
============================================================
2025-08-01 07:20:58 - Iteration 26000 | Mix 20% | Seed 123 | Dim 92
2025-08-01 07:20:58 - Loss: val=1.1041 | LR: 5.00e-04
2025-08-01 07:20:58 -   S1->S2: 100.00% (50/50)
2025-08-01 07:20:58 -   S2->S3: 100.00% (50/50)
2025-08-01 07:20:58 -   S1->S3: 90.00% (45/50)
2025-08-01 07:21:23 - 
============================================================
2025-08-01 07:21:23 - Iteration 27000 | Mix 20% | Seed 123 | Dim 92
2025-08-01 07:21:23 - Loss: val=1.0825 | LR: 5.00e-04
2025-08-01 07:21:23 -   S1->S2: 100.00% (50/50)
2025-08-01 07:21:23 -   S2->S3: 100.00% (50/50)
2025-08-01 07:21:23 -   S1->S3: 94.00% (47/50)
2025-08-01 07:21:48 - 
============================================================
2025-08-01 07:21:48 - Iteration 28000 | Mix 20% | Seed 123 | Dim 92
2025-08-01 07:21:48 - Loss: val=1.0947 | LR: 5.00e-04
2025-08-01 07:21:48 -   S1->S2: 100.00% (50/50)
2025-08-01 07:21:48 -   S2->S3: 100.00% (50/50)
2025-08-01 07:21:48 -   S1->S3: 90.00% (45/50)
2025-08-01 07:22:13 - 
============================================================
2025-08-01 07:22:13 - Iteration 29000 | Mix 20% | Seed 123 | Dim 92
2025-08-01 07:22:13 - Loss: val=1.1123 | LR: 5.00e-04
2025-08-01 07:22:13 -   S1->S2: 100.00% (50/50)
2025-08-01 07:22:13 -   S2->S3: 100.00% (50/50)
2025-08-01 07:22:13 -   S1->S3: 94.00% (47/50)
2025-08-01 07:22:39 - 
============================================================
2025-08-01 07:22:39 - Iteration 30000 | Mix 20% | Seed 123 | Dim 92
2025-08-01 07:22:39 - Loss: val=1.1042 | LR: 5.00e-04
2025-08-01 07:22:39 -   S1->S2: 100.00% (50/50)
2025-08-01 07:22:39 -   S2->S3: 100.00% (50/50)
2025-08-01 07:22:39 -   S1->S3: 94.00% (47/50)
2025-08-01 07:23:04 - 
============================================================
2025-08-01 07:23:04 - Iteration 31000 | Mix 20% | Seed 123 | Dim 92
2025-08-01 07:23:04 - Loss: val=1.1068 | LR: 5.00e-04
2025-08-01 07:23:04 -   S1->S2: 100.00% (50/50)
2025-08-01 07:23:04 -   S2->S3: 100.00% (50/50)
2025-08-01 07:23:04 -   S1->S3: 92.00% (46/50)
2025-08-01 07:23:29 - 
============================================================
2025-08-01 07:23:29 - Iteration 32000 | Mix 20% | Seed 123 | Dim 92
2025-08-01 07:23:29 - Loss: val=1.1106 | LR: 5.00e-04
2025-08-01 07:23:29 -   S1->S2: 100.00% (50/50)
2025-08-01 07:23:29 -   S2->S3: 100.00% (50/50)
2025-08-01 07:23:29 -   S1->S3: 94.00% (47/50)
2025-08-01 07:23:54 - 
============================================================
2025-08-01 07:23:54 - Iteration 33000 | Mix 20% | Seed 123 | Dim 92
2025-08-01 07:23:54 - Loss: val=1.1060 | LR: 5.00e-04
2025-08-01 07:23:54 -   S1->S2: 100.00% (50/50)
2025-08-01 07:23:54 -   S2->S3: 100.00% (50/50)
2025-08-01 07:23:54 -   S1->S3: 92.00% (46/50)
2025-08-01 07:24:19 - 
============================================================
2025-08-01 07:24:19 - Iteration 34000 | Mix 20% | Seed 123 | Dim 92
2025-08-01 07:24:19 - Loss: val=1.1147 | LR: 5.00e-04
2025-08-01 07:24:19 -   S1->S2: 100.00% (50/50)
2025-08-01 07:24:19 -   S2->S3: 100.00% (50/50)
2025-08-01 07:24:19 -   S1->S3: 96.00% (48/50)
2025-08-01 07:24:45 - 
============================================================
2025-08-01 07:24:45 - Iteration 35000 | Mix 20% | Seed 123 | Dim 92
2025-08-01 07:24:45 - Loss: val=1.1086 | LR: 5.00e-04
2025-08-01 07:24:45 -   S1->S2: 100.00% (50/50)
2025-08-01 07:24:45 -   S2->S3: 100.00% (50/50)
2025-08-01 07:24:45 -   S1->S3: 90.00% (45/50)
2025-08-01 07:25:10 - 
============================================================
2025-08-01 07:25:10 - Iteration 36000 | Mix 20% | Seed 123 | Dim 92
2025-08-01 07:25:10 - Loss: val=1.1303 | LR: 5.00e-04
2025-08-01 07:25:10 -   S1->S2: 100.00% (50/50)
2025-08-01 07:25:10 -   S2->S3: 100.00% (50/50)
2025-08-01 07:25:10 -   S1->S3: 92.00% (46/50)
2025-08-01 07:25:35 - 
============================================================
2025-08-01 07:25:35 - Iteration 37000 | Mix 20% | Seed 123 | Dim 92
2025-08-01 07:25:35 - Loss: val=1.1200 | LR: 5.00e-04
2025-08-01 07:25:35 -   S1->S2: 100.00% (50/50)
2025-08-01 07:25:35 -   S2->S3: 100.00% (50/50)
2025-08-01 07:25:35 -   S1->S3: 96.00% (48/50)
2025-08-01 07:26:00 - 
============================================================
2025-08-01 07:26:00 - Iteration 38000 | Mix 20% | Seed 123 | Dim 92
2025-08-01 07:26:00 - Loss: val=1.1181 | LR: 5.00e-04
2025-08-01 07:26:00 -   S1->S2: 100.00% (50/50)
2025-08-01 07:26:00 -   S2->S3: 100.00% (50/50)
2025-08-01 07:26:00 -   S1->S3: 90.00% (45/50)
2025-08-01 07:26:25 - 
============================================================
2025-08-01 07:26:25 - Iteration 39000 | Mix 20% | Seed 123 | Dim 92
2025-08-01 07:26:25 - Loss: val=1.1180 | LR: 5.00e-04
2025-08-01 07:26:25 -   S1->S2: 100.00% (50/50)
2025-08-01 07:26:25 -   S2->S3: 100.00% (50/50)
2025-08-01 07:26:25 -   S1->S3: 90.00% (45/50)
2025-08-01 07:26:51 - 
============================================================
2025-08-01 07:26:51 - Iteration 40000 | Mix 20% | Seed 123 | Dim 92
2025-08-01 07:26:51 - Loss: val=1.1213 | LR: 5.00e-04
2025-08-01 07:26:51 -   S1->S2: 100.00% (50/50)
2025-08-01 07:26:51 -   S2->S3: 100.00% (50/50)
2025-08-01 07:26:51 -   S1->S3: 92.00% (46/50)
2025-08-01 07:27:16 - 
============================================================
2025-08-01 07:27:16 - Iteration 41000 | Mix 20% | Seed 123 | Dim 92
2025-08-01 07:27:16 - Loss: val=1.1069 | LR: 5.00e-04
2025-08-01 07:27:16 -   S1->S2: 100.00% (50/50)
2025-08-01 07:27:16 -   S2->S3: 100.00% (50/50)
2025-08-01 07:27:16 -   S1->S3: 92.00% (46/50)
2025-08-01 07:27:41 - 
============================================================
2025-08-01 07:27:41 - Iteration 42000 | Mix 20% | Seed 123 | Dim 92
2025-08-01 07:27:41 - Loss: val=1.1207 | LR: 5.00e-04
2025-08-01 07:27:41 -   S1->S2: 100.00% (50/50)
2025-08-01 07:27:41 -   S2->S3: 100.00% (50/50)
2025-08-01 07:27:41 -   S1->S3: 94.00% (47/50)
2025-08-01 07:28:06 - 
============================================================
2025-08-01 07:28:06 - Iteration 43000 | Mix 20% | Seed 123 | Dim 92
2025-08-01 07:28:06 - Loss: val=1.1480 | LR: 5.00e-04
2025-08-01 07:28:06 -   S1->S2: 100.00% (50/50)
2025-08-01 07:28:06 -   S2->S3: 100.00% (50/50)
2025-08-01 07:28:06 -   S1->S3: 90.00% (45/50)
2025-08-01 07:28:31 - 
============================================================
2025-08-01 07:28:31 - Iteration 44000 | Mix 20% | Seed 123 | Dim 92
2025-08-01 07:28:31 - Loss: val=1.1257 | LR: 5.00e-04
2025-08-01 07:28:31 -   S1->S2: 100.00% (50/50)
2025-08-01 07:28:31 -   S2->S3: 100.00% (50/50)
2025-08-01 07:28:31 -   S1->S3: 90.00% (45/50)
2025-08-01 07:28:57 - 
============================================================
2025-08-01 07:28:57 - Iteration 45000 | Mix 20% | Seed 123 | Dim 92
2025-08-01 07:28:57 - Loss: val=1.1369 | LR: 5.00e-04
2025-08-01 07:28:57 -   S1->S2: 100.00% (50/50)
2025-08-01 07:28:57 -   S2->S3: 100.00% (50/50)
2025-08-01 07:28:57 -   S1->S3: 94.00% (47/50)
2025-08-01 07:29:22 - 
============================================================
2025-08-01 07:29:22 - Iteration 46000 | Mix 20% | Seed 123 | Dim 92
2025-08-01 07:29:22 - Loss: val=1.1518 | LR: 5.00e-04
2025-08-01 07:29:22 -   S1->S2: 100.00% (50/50)
2025-08-01 07:29:22 -   S2->S3: 100.00% (50/50)
2025-08-01 07:29:22 -   S1->S3: 94.00% (47/50)
2025-08-01 07:29:47 - 
============================================================
2025-08-01 07:29:47 - Iteration 47000 | Mix 20% | Seed 123 | Dim 92
2025-08-01 07:29:47 - Loss: val=1.1582 | LR: 5.00e-04
2025-08-01 07:29:47 -   S1->S2: 100.00% (50/50)
2025-08-01 07:29:47 -   S2->S3: 100.00% (50/50)
2025-08-01 07:29:47 -   S1->S3: 94.00% (47/50)
2025-08-01 07:30:12 - 
============================================================
2025-08-01 07:30:12 - Iteration 48000 | Mix 20% | Seed 123 | Dim 92
2025-08-01 07:30:12 - Loss: val=1.1582 | LR: 5.00e-04
2025-08-01 07:30:12 -   S1->S2: 100.00% (50/50)
2025-08-01 07:30:12 -   S2->S3: 100.00% (50/50)
2025-08-01 07:30:12 -   S1->S3: 92.00% (46/50)
2025-08-01 07:30:38 - 
============================================================
2025-08-01 07:30:38 - Iteration 49000 | Mix 20% | Seed 123 | Dim 92
2025-08-01 07:30:38 - Loss: val=1.1503 | LR: 5.00e-04
2025-08-01 07:30:38 -   S1->S2: 100.00% (50/50)
2025-08-01 07:30:38 -   S2->S3: 100.00% (50/50)
2025-08-01 07:30:38 -   S1->S3: 94.00% (47/50)
2025-08-01 07:31:03 - 
============================================================
2025-08-01 07:31:03 - Iteration 50000 | Mix 20% | Seed 123 | Dim 92
2025-08-01 07:31:03 - Loss: val=1.1684 | LR: 5.00e-04
2025-08-01 07:31:03 -   S1->S2: 100.00% (50/50)
2025-08-01 07:31:03 -   S2->S3: 100.00% (50/50)
2025-08-01 07:31:03 -   S1->S3: 92.00% (46/50)
2025-08-01 07:31:03 - 
============================================================
2025-08-01 07:31:03 - 🎉 Training finished! Results are in: out_d92/composition_mix20_seed123_20250801_071002
2025-08-01 07:31:03 - ============================================================
