2025-08-01 05:47:58 - ============================================================
2025-08-01 05:47:58 - Starting Final Training Suite
2025-08-01 05:47:58 -   - Model: 1L-1H-92D
2025-08-01 05:47:58 -   - Data: data/simple_graph/composition_90
2025-08-01 05:47:58 -   - Mixing Ratio: 0%
2025-08-01 05:47:58 -   - Seed: 42
2025-08-01 05:47:58 -   - Output Directory: out_d92/composition_mix0_seed42_20250801_054758
2025-08-01 05:47:58 - ============================================================
2025-08-01 05:47:59 - Model initialized: 0.11M parameters
2025-08-01 05:47:59 - 
Starting training...
2025-08-01 05:48:24 - 
============================================================
2025-08-01 05:48:24 - Iteration 1000 | Mix 0% | Seed 42 | Dim 92
2025-08-01 05:48:24 - Loss: val=1.3693 | LR: 2.50e-04
2025-08-01 05:48:24 -   S1->S2: 100.00% (50/50)
2025-08-01 05:48:24 -   S2->S3: 98.00% (49/50)
2025-08-01 05:48:24 -   S1->S3: 40.00% (20/50)
2025-08-01 05:48:48 - 
============================================================
2025-08-01 05:48:48 - Iteration 2000 | Mix 0% | Seed 42 | Dim 92
2025-08-01 05:48:48 - Loss: val=1.4866 | LR: 5.00e-04
2025-08-01 05:48:48 -   S1->S2: 100.00% (50/50)
2025-08-01 05:48:48 -   S2->S3: 100.00% (50/50)
2025-08-01 05:48:48 -   S1->S3: 78.00% (39/50)
2025-08-01 05:49:13 - 
============================================================
2025-08-01 05:49:13 - Iteration 3000 | Mix 0% | Seed 42 | Dim 92
2025-08-01 05:49:13 - Loss: val=1.5028 | LR: 5.00e-04
2025-08-01 05:49:13 -   S1->S2: 100.00% (50/50)
2025-08-01 05:49:13 -   S2->S3: 100.00% (50/50)
2025-08-01 05:49:13 -   S1->S3: 84.00% (42/50)
2025-08-01 05:49:38 - 
============================================================
2025-08-01 05:49:38 - Iteration 4000 | Mix 0% | Seed 42 | Dim 92
2025-08-01 05:49:38 - Loss: val=1.4938 | LR: 5.00e-04
2025-08-01 05:49:38 -   S1->S2: 100.00% (50/50)
2025-08-01 05:49:38 -   S2->S3: 100.00% (50/50)
2025-08-01 05:49:38 -   S1->S3: 82.00% (41/50)
2025-08-01 05:50:02 - 
============================================================
2025-08-01 05:50:02 - Iteration 5000 | Mix 0% | Seed 42 | Dim 92
2025-08-01 05:50:02 - Loss: val=1.5537 | LR: 5.00e-04
2025-08-01 05:50:02 -   S1->S2: 100.00% (50/50)
2025-08-01 05:50:02 -   S2->S3: 100.00% (50/50)
2025-08-01 05:50:02 -   S1->S3: 72.00% (36/50)
2025-08-01 05:50:26 - 
============================================================
2025-08-01 05:50:26 - Iteration 6000 | Mix 0% | Seed 42 | Dim 92
2025-08-01 05:50:26 - Loss: val=1.5464 | LR: 5.00e-04
2025-08-01 05:50:26 -   S1->S2: 100.00% (50/50)
2025-08-01 05:50:26 -   S2->S3: 100.00% (50/50)
2025-08-01 05:50:26 -   S1->S3: 80.00% (40/50)
2025-08-01 05:50:51 - 
============================================================
2025-08-01 05:50:51 - Iteration 7000 | Mix 0% | Seed 42 | Dim 92
2025-08-01 05:50:51 - Loss: val=1.5687 | LR: 5.00e-04
2025-08-01 05:50:51 -   S1->S2: 100.00% (50/50)
2025-08-01 05:50:51 -   S2->S3: 100.00% (50/50)
2025-08-01 05:50:51 -   S1->S3: 72.00% (36/50)
2025-08-01 05:51:15 - 
============================================================
2025-08-01 05:51:15 - Iteration 8000 | Mix 0% | Seed 42 | Dim 92
2025-08-01 05:51:15 - Loss: val=1.5920 | LR: 5.00e-04
2025-08-01 05:51:15 -   S1->S2: 100.00% (50/50)
2025-08-01 05:51:15 -   S2->S3: 100.00% (50/50)
2025-08-01 05:51:15 -   S1->S3: 60.00% (30/50)
2025-08-01 05:51:40 - 
============================================================
2025-08-01 05:51:40 - Iteration 9000 | Mix 0% | Seed 42 | Dim 92
2025-08-01 05:51:40 - Loss: val=1.5709 | LR: 5.00e-04
2025-08-01 05:51:40 -   S1->S2: 100.00% (50/50)
2025-08-01 05:51:40 -   S2->S3: 100.00% (50/50)
2025-08-01 05:51:40 -   S1->S3: 60.00% (30/50)
2025-08-01 05:52:04 - 
============================================================
2025-08-01 05:52:04 - Iteration 10000 | Mix 0% | Seed 42 | Dim 92
2025-08-01 05:52:04 - Loss: val=1.6102 | LR: 5.00e-04
2025-08-01 05:52:04 -   S1->S2: 100.00% (50/50)
2025-08-01 05:52:04 -   S2->S3: 100.00% (50/50)
2025-08-01 05:52:04 -   S1->S3: 72.00% (36/50)
2025-08-01 05:52:29 - 
============================================================
2025-08-01 05:52:29 - Iteration 11000 | Mix 0% | Seed 42 | Dim 92
2025-08-01 05:52:29 - Loss: val=1.6116 | LR: 5.00e-04
2025-08-01 05:52:29 -   S1->S2: 100.00% (50/50)
2025-08-01 05:52:29 -   S2->S3: 100.00% (50/50)
2025-08-01 05:52:29 -   S1->S3: 60.00% (30/50)
2025-08-01 05:52:53 - 
============================================================
2025-08-01 05:52:53 - Iteration 12000 | Mix 0% | Seed 42 | Dim 92
2025-08-01 05:52:53 - Loss: val=1.6337 | LR: 5.00e-04
2025-08-01 05:52:53 -   S1->S2: 100.00% (50/50)
2025-08-01 05:52:53 -   S2->S3: 100.00% (50/50)
2025-08-01 05:52:53 -   S1->S3: 66.00% (33/50)
2025-08-01 05:53:18 - 
============================================================
2025-08-01 05:53:18 - Iteration 13000 | Mix 0% | Seed 42 | Dim 92
2025-08-01 05:53:18 - Loss: val=1.6302 | LR: 5.00e-04
2025-08-01 05:53:18 -   S1->S2: 100.00% (50/50)
2025-08-01 05:53:18 -   S2->S3: 100.00% (50/50)
2025-08-01 05:53:18 -   S1->S3: 56.00% (28/50)
2025-08-01 05:53:42 - 
============================================================
2025-08-01 05:53:42 - Iteration 14000 | Mix 0% | Seed 42 | Dim 92
2025-08-01 05:53:42 - Loss: val=1.5798 | LR: 5.00e-04
2025-08-01 05:53:42 -   S1->S2: 100.00% (50/50)
2025-08-01 05:53:42 -   S2->S3: 100.00% (50/50)
2025-08-01 05:53:42 -   S1->S3: 56.00% (28/50)
2025-08-01 05:54:07 - 
============================================================
2025-08-01 05:54:07 - Iteration 15000 | Mix 0% | Seed 42 | Dim 92
2025-08-01 05:54:07 - Loss: val=1.6271 | LR: 5.00e-04
2025-08-01 05:54:07 -   S1->S2: 100.00% (50/50)
2025-08-01 05:54:07 -   S2->S3: 100.00% (50/50)
2025-08-01 05:54:07 -   S1->S3: 50.00% (25/50)
2025-08-01 05:54:31 - 
============================================================
2025-08-01 05:54:31 - Iteration 16000 | Mix 0% | Seed 42 | Dim 92
2025-08-01 05:54:31 - Loss: val=1.6156 | LR: 5.00e-04
2025-08-01 05:54:31 -   S1->S2: 100.00% (50/50)
2025-08-01 05:54:31 -   S2->S3: 100.00% (50/50)
2025-08-01 05:54:31 -   S1->S3: 44.00% (22/50)
2025-08-01 05:54:56 - 
============================================================
2025-08-01 05:54:56 - Iteration 17000 | Mix 0% | Seed 42 | Dim 92
2025-08-01 05:54:56 - Loss: val=1.6132 | LR: 5.00e-04
2025-08-01 05:54:56 -   S1->S2: 100.00% (50/50)
2025-08-01 05:54:56 -   S2->S3: 100.00% (50/50)
2025-08-01 05:54:56 -   S1->S3: 58.00% (29/50)
2025-08-01 05:55:20 - 
============================================================
2025-08-01 05:55:20 - Iteration 18000 | Mix 0% | Seed 42 | Dim 92
2025-08-01 05:55:20 - Loss: val=1.6092 | LR: 5.00e-04
2025-08-01 05:55:20 -   S1->S2: 100.00% (50/50)
2025-08-01 05:55:20 -   S2->S3: 100.00% (50/50)
2025-08-01 05:55:20 -   S1->S3: 62.00% (31/50)
2025-08-01 05:55:45 - 
============================================================
2025-08-01 05:55:45 - Iteration 19000 | Mix 0% | Seed 42 | Dim 92
2025-08-01 05:55:45 - Loss: val=1.6117 | LR: 5.00e-04
2025-08-01 05:55:45 -   S1->S2: 100.00% (50/50)
2025-08-01 05:55:45 -   S2->S3: 100.00% (50/50)
2025-08-01 05:55:45 -   S1->S3: 60.00% (30/50)
2025-08-01 05:56:09 - 
============================================================
2025-08-01 05:56:09 - Iteration 20000 | Mix 0% | Seed 42 | Dim 92
2025-08-01 05:56:09 - Loss: val=1.6352 | LR: 5.00e-04
2025-08-01 05:56:09 -   S1->S2: 100.00% (50/50)
2025-08-01 05:56:09 -   S2->S3: 100.00% (50/50)
2025-08-01 05:56:09 -   S1->S3: 50.00% (25/50)
2025-08-01 05:56:34 - 
============================================================
2025-08-01 05:56:34 - Iteration 21000 | Mix 0% | Seed 42 | Dim 92
2025-08-01 05:56:34 - Loss: val=1.6279 | LR: 5.00e-04
2025-08-01 05:56:34 -   S1->S2: 100.00% (50/50)
2025-08-01 05:56:34 -   S2->S3: 100.00% (50/50)
2025-08-01 05:56:34 -   S1->S3: 44.00% (22/50)
2025-08-01 05:56:58 - 
============================================================
2025-08-01 05:56:58 - Iteration 22000 | Mix 0% | Seed 42 | Dim 92
2025-08-01 05:56:58 - Loss: val=1.6562 | LR: 5.00e-04
2025-08-01 05:56:58 -   S1->S2: 100.00% (50/50)
2025-08-01 05:56:58 -   S2->S3: 100.00% (50/50)
2025-08-01 05:56:58 -   S1->S3: 52.00% (26/50)
2025-08-01 05:57:23 - 
============================================================
2025-08-01 05:57:23 - Iteration 23000 | Mix 0% | Seed 42 | Dim 92
2025-08-01 05:57:23 - Loss: val=1.6705 | LR: 5.00e-04
2025-08-01 05:57:23 -   S1->S2: 100.00% (50/50)
2025-08-01 05:57:23 -   S2->S3: 100.00% (50/50)
2025-08-01 05:57:23 -   S1->S3: 56.00% (28/50)
2025-08-01 05:57:47 - 
============================================================
2025-08-01 05:57:47 - Iteration 24000 | Mix 0% | Seed 42 | Dim 92
2025-08-01 05:57:47 - Loss: val=1.6355 | LR: 5.00e-04
2025-08-01 05:57:47 -   S1->S2: 100.00% (50/50)
2025-08-01 05:57:47 -   S2->S3: 100.00% (50/50)
2025-08-01 05:57:47 -   S1->S3: 56.00% (28/50)
2025-08-01 05:58:12 - 
============================================================
2025-08-01 05:58:12 - Iteration 25000 | Mix 0% | Seed 42 | Dim 92
2025-08-01 05:58:12 - Loss: val=1.7264 | LR: 5.00e-04
2025-08-01 05:58:12 -   S1->S2: 100.00% (50/50)
2025-08-01 05:58:12 -   S2->S3: 100.00% (50/50)
2025-08-01 05:58:12 -   S1->S3: 52.00% (26/50)
2025-08-01 05:58:37 - 
============================================================
2025-08-01 05:58:37 - Iteration 26000 | Mix 0% | Seed 42 | Dim 92
2025-08-01 05:58:37 - Loss: val=1.7086 | LR: 5.00e-04
2025-08-01 05:58:37 -   S1->S2: 100.00% (50/50)
2025-08-01 05:58:37 -   S2->S3: 100.00% (50/50)
2025-08-01 05:58:37 -   S1->S3: 58.00% (29/50)
2025-08-01 05:59:01 - 
============================================================
2025-08-01 05:59:01 - Iteration 27000 | Mix 0% | Seed 42 | Dim 92
2025-08-01 05:59:01 - Loss: val=1.7096 | LR: 5.00e-04
2025-08-01 05:59:01 -   S1->S2: 100.00% (50/50)
2025-08-01 05:59:01 -   S2->S3: 100.00% (50/50)
2025-08-01 05:59:01 -   S1->S3: 64.00% (32/50)
2025-08-01 05:59:26 - 
============================================================
2025-08-01 05:59:26 - Iteration 28000 | Mix 0% | Seed 42 | Dim 92
2025-08-01 05:59:26 - Loss: val=1.6939 | LR: 5.00e-04
2025-08-01 05:59:26 -   S1->S2: 100.00% (50/50)
2025-08-01 05:59:26 -   S2->S3: 100.00% (50/50)
2025-08-01 05:59:26 -   S1->S3: 52.00% (26/50)
2025-08-01 05:59:50 - 
============================================================
2025-08-01 05:59:50 - Iteration 29000 | Mix 0% | Seed 42 | Dim 92
2025-08-01 05:59:50 - Loss: val=1.7600 | LR: 5.00e-04
2025-08-01 05:59:50 -   S1->S2: 100.00% (50/50)
2025-08-01 05:59:50 -   S2->S3: 100.00% (50/50)
2025-08-01 05:59:50 -   S1->S3: 54.00% (27/50)
2025-08-01 06:00:15 - 
============================================================
2025-08-01 06:00:15 - Iteration 30000 | Mix 0% | Seed 42 | Dim 92
2025-08-01 06:00:15 - Loss: val=1.7641 | LR: 5.00e-04
2025-08-01 06:00:15 -   S1->S2: 100.00% (50/50)
2025-08-01 06:00:15 -   S2->S3: 100.00% (50/50)
2025-08-01 06:00:15 -   S1->S3: 56.00% (28/50)
2025-08-01 06:00:39 - 
============================================================
2025-08-01 06:00:39 - Iteration 31000 | Mix 0% | Seed 42 | Dim 92
2025-08-01 06:00:39 - Loss: val=1.7584 | LR: 5.00e-04
2025-08-01 06:00:39 -   S1->S2: 100.00% (50/50)
2025-08-01 06:00:39 -   S2->S3: 100.00% (50/50)
2025-08-01 06:00:39 -   S1->S3: 68.00% (34/50)
2025-08-01 06:01:04 - 
============================================================
2025-08-01 06:01:04 - Iteration 32000 | Mix 0% | Seed 42 | Dim 92
2025-08-01 06:01:04 - Loss: val=1.8009 | LR: 5.00e-04
2025-08-01 06:01:04 -   S1->S2: 100.00% (50/50)
2025-08-01 06:01:04 -   S2->S3: 100.00% (50/50)
2025-08-01 06:01:04 -   S1->S3: 54.00% (27/50)
2025-08-01 06:01:28 - 
============================================================
2025-08-01 06:01:28 - Iteration 33000 | Mix 0% | Seed 42 | Dim 92
2025-08-01 06:01:28 - Loss: val=1.8156 | LR: 5.00e-04
2025-08-01 06:01:28 -   S1->S2: 100.00% (50/50)
2025-08-01 06:01:28 -   S2->S3: 100.00% (50/50)
2025-08-01 06:01:28 -   S1->S3: 58.00% (29/50)
2025-08-01 06:01:53 - 
============================================================
2025-08-01 06:01:53 - Iteration 34000 | Mix 0% | Seed 42 | Dim 92
2025-08-01 06:01:53 - Loss: val=1.8148 | LR: 5.00e-04
2025-08-01 06:01:53 -   S1->S2: 100.00% (50/50)
2025-08-01 06:01:53 -   S2->S3: 100.00% (50/50)
2025-08-01 06:01:53 -   S1->S3: 58.00% (29/50)
2025-08-01 06:02:17 - 
============================================================
2025-08-01 06:02:17 - Iteration 35000 | Mix 0% | Seed 42 | Dim 92
2025-08-01 06:02:17 - Loss: val=1.7861 | LR: 5.00e-04
2025-08-01 06:02:17 -   S1->S2: 100.00% (50/50)
2025-08-01 06:02:17 -   S2->S3: 100.00% (50/50)
2025-08-01 06:02:17 -   S1->S3: 64.00% (32/50)
2025-08-01 06:02:42 - 
============================================================
2025-08-01 06:02:42 - Iteration 36000 | Mix 0% | Seed 42 | Dim 92
2025-08-01 06:02:42 - Loss: val=1.8600 | LR: 5.00e-04
2025-08-01 06:02:42 -   S1->S2: 100.00% (50/50)
2025-08-01 06:02:42 -   S2->S3: 100.00% (50/50)
2025-08-01 06:02:42 -   S1->S3: 50.00% (25/50)
2025-08-01 06:03:06 - 
============================================================
2025-08-01 06:03:06 - Iteration 37000 | Mix 0% | Seed 42 | Dim 92
2025-08-01 06:03:06 - Loss: val=1.8357 | LR: 5.00e-04
2025-08-01 06:03:06 -   S1->S2: 100.00% (50/50)
2025-08-01 06:03:06 -   S2->S3: 100.00% (50/50)
2025-08-01 06:03:06 -   S1->S3: 54.00% (27/50)
2025-08-01 06:03:31 - 
============================================================
2025-08-01 06:03:31 - Iteration 38000 | Mix 0% | Seed 42 | Dim 92
2025-08-01 06:03:31 - Loss: val=1.7585 | LR: 5.00e-04
2025-08-01 06:03:31 -   S1->S2: 100.00% (50/50)
2025-08-01 06:03:31 -   S2->S3: 100.00% (50/50)
2025-08-01 06:03:31 -   S1->S3: 60.00% (30/50)
2025-08-01 06:03:55 - 
============================================================
2025-08-01 06:03:55 - Iteration 39000 | Mix 0% | Seed 42 | Dim 92
2025-08-01 06:03:55 - Loss: val=1.8149 | LR: 5.00e-04
2025-08-01 06:03:55 -   S1->S2: 100.00% (50/50)
2025-08-01 06:03:55 -   S2->S3: 100.00% (50/50)
2025-08-01 06:03:55 -   S1->S3: 64.00% (32/50)
2025-08-01 06:04:20 - 
============================================================
2025-08-01 06:04:20 - Iteration 40000 | Mix 0% | Seed 42 | Dim 92
2025-08-01 06:04:20 - Loss: val=1.8480 | LR: 5.00e-04
2025-08-01 06:04:20 -   S1->S2: 100.00% (50/50)
2025-08-01 06:04:20 -   S2->S3: 100.00% (50/50)
2025-08-01 06:04:20 -   S1->S3: 58.00% (29/50)
2025-08-01 06:04:44 - 
============================================================
2025-08-01 06:04:44 - Iteration 41000 | Mix 0% | Seed 42 | Dim 92
2025-08-01 06:04:44 - Loss: val=1.7597 | LR: 5.00e-04
2025-08-01 06:04:44 -   S1->S2: 100.00% (50/50)
2025-08-01 06:04:44 -   S2->S3: 100.00% (50/50)
2025-08-01 06:04:44 -   S1->S3: 70.00% (35/50)
2025-08-01 06:05:09 - 
============================================================
2025-08-01 06:05:09 - Iteration 42000 | Mix 0% | Seed 42 | Dim 92
2025-08-01 06:05:09 - Loss: val=1.8516 | LR: 5.00e-04
2025-08-01 06:05:09 -   S1->S2: 100.00% (50/50)
2025-08-01 06:05:09 -   S2->S3: 100.00% (50/50)
2025-08-01 06:05:09 -   S1->S3: 52.00% (26/50)
2025-08-01 06:05:33 - 
============================================================
2025-08-01 06:05:33 - Iteration 43000 | Mix 0% | Seed 42 | Dim 92
2025-08-01 06:05:33 - Loss: val=1.8413 | LR: 5.00e-04
2025-08-01 06:05:33 -   S1->S2: 100.00% (50/50)
2025-08-01 06:05:33 -   S2->S3: 100.00% (50/50)
2025-08-01 06:05:33 -   S1->S3: 68.00% (34/50)
2025-08-01 06:05:58 - 
============================================================
2025-08-01 06:05:58 - Iteration 44000 | Mix 0% | Seed 42 | Dim 92
2025-08-01 06:05:58 - Loss: val=1.7845 | LR: 5.00e-04
2025-08-01 06:05:58 -   S1->S2: 100.00% (50/50)
2025-08-01 06:05:58 -   S2->S3: 100.00% (50/50)
2025-08-01 06:05:58 -   S1->S3: 54.00% (27/50)
2025-08-01 06:06:22 - 
============================================================
2025-08-01 06:06:22 - Iteration 45000 | Mix 0% | Seed 42 | Dim 92
2025-08-01 06:06:22 - Loss: val=1.8425 | LR: 5.00e-04
2025-08-01 06:06:22 -   S1->S2: 100.00% (50/50)
2025-08-01 06:06:22 -   S2->S3: 100.00% (50/50)
2025-08-01 06:06:22 -   S1->S3: 62.00% (31/50)
2025-08-01 06:06:47 - 
============================================================
2025-08-01 06:06:47 - Iteration 46000 | Mix 0% | Seed 42 | Dim 92
2025-08-01 06:06:47 - Loss: val=1.8375 | LR: 5.00e-04
2025-08-01 06:06:47 -   S1->S2: 100.00% (50/50)
2025-08-01 06:06:47 -   S2->S3: 100.00% (50/50)
2025-08-01 06:06:47 -   S1->S3: 72.00% (36/50)
2025-08-01 06:07:11 - 
============================================================
2025-08-01 06:07:11 - Iteration 47000 | Mix 0% | Seed 42 | Dim 92
2025-08-01 06:07:11 - Loss: val=1.8253 | LR: 5.00e-04
2025-08-01 06:07:11 -   S1->S2: 100.00% (50/50)
2025-08-01 06:07:11 -   S2->S3: 100.00% (50/50)
2025-08-01 06:07:11 -   S1->S3: 60.00% (30/50)
2025-08-01 06:07:36 - 
============================================================
2025-08-01 06:07:36 - Iteration 48000 | Mix 0% | Seed 42 | Dim 92
2025-08-01 06:07:36 - Loss: val=1.8855 | LR: 5.00e-04
2025-08-01 06:07:36 -   S1->S2: 100.00% (50/50)
2025-08-01 06:07:36 -   S2->S3: 100.00% (50/50)
2025-08-01 06:07:36 -   S1->S3: 66.00% (33/50)
2025-08-01 06:08:00 - 
============================================================
2025-08-01 06:08:00 - Iteration 49000 | Mix 0% | Seed 42 | Dim 92
2025-08-01 06:08:00 - Loss: val=1.9010 | LR: 5.00e-04
2025-08-01 06:08:00 -   S1->S2: 100.00% (50/50)
2025-08-01 06:08:00 -   S2->S3: 100.00% (50/50)
2025-08-01 06:08:00 -   S1->S3: 64.00% (32/50)
2025-08-01 06:08:25 - 
============================================================
2025-08-01 06:08:25 - Iteration 50000 | Mix 0% | Seed 42 | Dim 92
2025-08-01 06:08:25 - Loss: val=1.8783 | LR: 5.00e-04
2025-08-01 06:08:25 -   S1->S2: 100.00% (50/50)
2025-08-01 06:08:25 -   S2->S3: 100.00% (50/50)
2025-08-01 06:08:25 -   S1->S3: 70.00% (35/50)
2025-08-01 06:08:25 - 
============================================================
2025-08-01 06:08:25 - 🎉 Training finished! Results are in: out_d92/composition_mix0_seed42_20250801_054758
2025-08-01 06:08:25 - ============================================================
