2025-08-01 06:49:28 - ============================================================
2025-08-01 06:49:28 - Starting Final Training Suite
2025-08-01 06:49:28 -   - Model: 1L-1H-92D
2025-08-01 06:49:28 -   - Data: data/simple_graph/composition_90_mixed_20
2025-08-01 06:49:28 -   - Mixing Ratio: 20%
2025-08-01 06:49:28 -   - Seed: 42
2025-08-01 06:49:28 -   - Output Directory: out_d92/composition_mix20_seed42_20250801_064928
2025-08-01 06:49:28 - ============================================================
2025-08-01 06:49:29 - Model initialized: 0.11M parameters
2025-08-01 06:49:29 - 
Starting training...
2025-08-01 06:49:54 - 
============================================================
2025-08-01 06:49:54 - Iteration 1000 | Mix 20% | Seed 42 | Dim 92
2025-08-01 06:49:54 - Loss: val=1.0268 | LR: 2.50e-04
2025-08-01 06:49:54 -   S1->S2: 100.00% (50/50)
2025-08-01 06:49:54 -   S2->S3: 100.00% (50/50)
2025-08-01 06:49:54 -   S1->S3: 92.00% (46/50)
2025-08-01 06:50:18 - 
============================================================
2025-08-01 06:50:18 - Iteration 2000 | Mix 20% | Seed 42 | Dim 92
2025-08-01 06:50:18 - Loss: val=0.9785 | LR: 5.00e-04
2025-08-01 06:50:18 -   S1->S2: 100.00% (50/50)
2025-08-01 06:50:18 -   S2->S3: 100.00% (50/50)
2025-08-01 06:50:18 -   S1->S3: 94.00% (47/50)
2025-08-01 06:50:43 - 
============================================================
2025-08-01 06:50:43 - Iteration 3000 | Mix 20% | Seed 42 | Dim 92
2025-08-01 06:50:43 - Loss: val=1.0089 | LR: 5.00e-04
2025-08-01 06:50:43 -   S1->S2: 100.00% (50/50)
2025-08-01 06:50:43 -   S2->S3: 100.00% (50/50)
2025-08-01 06:50:43 -   S1->S3: 90.00% (45/50)
2025-08-01 06:51:07 - 
============================================================
2025-08-01 06:51:07 - Iteration 4000 | Mix 20% | Seed 42 | Dim 92
2025-08-01 06:51:07 - Loss: val=1.0184 | LR: 5.00e-04
2025-08-01 06:51:07 -   S1->S2: 100.00% (50/50)
2025-08-01 06:51:07 -   S2->S3: 100.00% (50/50)
2025-08-01 06:51:07 -   S1->S3: 92.00% (46/50)
2025-08-01 06:51:32 - 
============================================================
2025-08-01 06:51:32 - Iteration 5000 | Mix 20% | Seed 42 | Dim 92
2025-08-01 06:51:32 - Loss: val=1.0455 | LR: 5.00e-04
2025-08-01 06:51:32 -   S1->S2: 100.00% (50/50)
2025-08-01 06:51:32 -   S2->S3: 100.00% (50/50)
2025-08-01 06:51:32 -   S1->S3: 88.00% (44/50)
2025-08-01 06:51:57 - 
============================================================
2025-08-01 06:51:57 - Iteration 6000 | Mix 20% | Seed 42 | Dim 92
2025-08-01 06:51:57 - Loss: val=1.0708 | LR: 5.00e-04
2025-08-01 06:51:57 -   S1->S2: 100.00% (50/50)
2025-08-01 06:51:57 -   S2->S3: 100.00% (50/50)
2025-08-01 06:51:57 -   S1->S3: 92.00% (46/50)
2025-08-01 06:52:21 - 
============================================================
2025-08-01 06:52:21 - Iteration 7000 | Mix 20% | Seed 42 | Dim 92
2025-08-01 06:52:21 - Loss: val=1.0788 | LR: 5.00e-04
2025-08-01 06:52:21 -   S1->S2: 100.00% (50/50)
2025-08-01 06:52:21 -   S2->S3: 100.00% (50/50)
2025-08-01 06:52:21 -   S1->S3: 86.00% (43/50)
2025-08-01 06:52:46 - 
============================================================
2025-08-01 06:52:46 - Iteration 8000 | Mix 20% | Seed 42 | Dim 92
2025-08-01 06:52:46 - Loss: val=1.0629 | LR: 5.00e-04
2025-08-01 06:52:46 -   S1->S2: 100.00% (50/50)
2025-08-01 06:52:46 -   S2->S3: 100.00% (50/50)
2025-08-01 06:52:46 -   S1->S3: 82.00% (41/50)
2025-08-01 06:53:10 - 
============================================================
2025-08-01 06:53:10 - Iteration 9000 | Mix 20% | Seed 42 | Dim 92
2025-08-01 06:53:10 - Loss: val=1.0729 | LR: 5.00e-04
2025-08-01 06:53:10 -   S1->S2: 100.00% (50/50)
2025-08-01 06:53:10 -   S2->S3: 100.00% (50/50)
2025-08-01 06:53:10 -   S1->S3: 84.00% (42/50)
2025-08-01 06:53:35 - 
============================================================
2025-08-01 06:53:35 - Iteration 10000 | Mix 20% | Seed 42 | Dim 92
2025-08-01 06:53:35 - Loss: val=1.0827 | LR: 5.00e-04
2025-08-01 06:53:35 -   S1->S2: 100.00% (50/50)
2025-08-01 06:53:35 -   S2->S3: 100.00% (50/50)
2025-08-01 06:53:35 -   S1->S3: 84.00% (42/50)
2025-08-01 06:53:59 - 
============================================================
2025-08-01 06:53:59 - Iteration 11000 | Mix 20% | Seed 42 | Dim 92
2025-08-01 06:53:59 - Loss: val=1.0777 | LR: 5.00e-04
2025-08-01 06:53:59 -   S1->S2: 100.00% (50/50)
2025-08-01 06:53:59 -   S2->S3: 100.00% (50/50)
2025-08-01 06:53:59 -   S1->S3: 88.00% (44/50)
2025-08-01 06:54:24 - 
============================================================
2025-08-01 06:54:24 - Iteration 12000 | Mix 20% | Seed 42 | Dim 92
2025-08-01 06:54:24 - Loss: val=1.1050 | LR: 5.00e-04
2025-08-01 06:54:24 -   S1->S2: 100.00% (50/50)
2025-08-01 06:54:24 -   S2->S3: 100.00% (50/50)
2025-08-01 06:54:24 -   S1->S3: 86.00% (43/50)
2025-08-01 06:54:49 - 
============================================================
2025-08-01 06:54:49 - Iteration 13000 | Mix 20% | Seed 42 | Dim 92
2025-08-01 06:54:49 - Loss: val=1.0992 | LR: 5.00e-04
2025-08-01 06:54:49 -   S1->S2: 100.00% (50/50)
2025-08-01 06:54:49 -   S2->S3: 100.00% (50/50)
2025-08-01 06:54:49 -   S1->S3: 88.00% (44/50)
2025-08-01 06:55:13 - 
============================================================
2025-08-01 06:55:13 - Iteration 14000 | Mix 20% | Seed 42 | Dim 92
2025-08-01 06:55:13 - Loss: val=1.0916 | LR: 5.00e-04
2025-08-01 06:55:13 -   S1->S2: 100.00% (50/50)
2025-08-01 06:55:13 -   S2->S3: 100.00% (50/50)
2025-08-01 06:55:13 -   S1->S3: 86.00% (43/50)
2025-08-01 06:55:38 - 
============================================================
2025-08-01 06:55:38 - Iteration 15000 | Mix 20% | Seed 42 | Dim 92
2025-08-01 06:55:38 - Loss: val=1.1131 | LR: 5.00e-04
2025-08-01 06:55:38 -   S1->S2: 100.00% (50/50)
2025-08-01 06:55:38 -   S2->S3: 100.00% (50/50)
2025-08-01 06:55:38 -   S1->S3: 88.00% (44/50)
2025-08-01 06:56:02 - 
============================================================
2025-08-01 06:56:02 - Iteration 16000 | Mix 20% | Seed 42 | Dim 92
2025-08-01 06:56:02 - Loss: val=1.1020 | LR: 5.00e-04
2025-08-01 06:56:02 -   S1->S2: 100.00% (50/50)
2025-08-01 06:56:02 -   S2->S3: 100.00% (50/50)
2025-08-01 06:56:02 -   S1->S3: 92.00% (46/50)
2025-08-01 06:56:27 - 
============================================================
2025-08-01 06:56:27 - Iteration 17000 | Mix 20% | Seed 42 | Dim 92
2025-08-01 06:56:27 - Loss: val=1.0976 | LR: 5.00e-04
2025-08-01 06:56:27 -   S1->S2: 100.00% (50/50)
2025-08-01 06:56:27 -   S2->S3: 100.00% (50/50)
2025-08-01 06:56:27 -   S1->S3: 88.00% (44/50)
2025-08-01 06:56:52 - 
============================================================
2025-08-01 06:56:52 - Iteration 18000 | Mix 20% | Seed 42 | Dim 92
2025-08-01 06:56:52 - Loss: val=1.0989 | LR: 5.00e-04
2025-08-01 06:56:52 -   S1->S2: 100.00% (50/50)
2025-08-01 06:56:52 -   S2->S3: 100.00% (50/50)
2025-08-01 06:56:52 -   S1->S3: 92.00% (46/50)
2025-08-01 06:57:16 - 
============================================================
2025-08-01 06:57:16 - Iteration 19000 | Mix 20% | Seed 42 | Dim 92
2025-08-01 06:57:16 - Loss: val=1.1009 | LR: 5.00e-04
2025-08-01 06:57:16 -   S1->S2: 100.00% (50/50)
2025-08-01 06:57:16 -   S2->S3: 100.00% (50/50)
2025-08-01 06:57:16 -   S1->S3: 96.00% (48/50)
2025-08-01 06:57:41 - 
============================================================
2025-08-01 06:57:41 - Iteration 20000 | Mix 20% | Seed 42 | Dim 92
2025-08-01 06:57:41 - Loss: val=1.1030 | LR: 5.00e-04
2025-08-01 06:57:41 -   S1->S2: 100.00% (50/50)
2025-08-01 06:57:41 -   S2->S3: 100.00% (50/50)
2025-08-01 06:57:41 -   S1->S3: 94.00% (47/50)
2025-08-01 06:58:06 - 
============================================================
2025-08-01 06:58:06 - Iteration 21000 | Mix 20% | Seed 42 | Dim 92
2025-08-01 06:58:06 - Loss: val=1.1216 | LR: 5.00e-04
2025-08-01 06:58:06 -   S1->S2: 100.00% (50/50)
2025-08-01 06:58:06 -   S2->S3: 100.00% (50/50)
2025-08-01 06:58:06 -   S1->S3: 100.00% (50/50)
2025-08-01 06:58:30 - 
============================================================
2025-08-01 06:58:30 - Iteration 22000 | Mix 20% | Seed 42 | Dim 92
2025-08-01 06:58:30 - Loss: val=1.1102 | LR: 5.00e-04
2025-08-01 06:58:30 -   S1->S2: 100.00% (50/50)
2025-08-01 06:58:30 -   S2->S3: 100.00% (50/50)
2025-08-01 06:58:30 -   S1->S3: 94.00% (47/50)
2025-08-01 06:58:55 - 
============================================================
2025-08-01 06:58:55 - Iteration 23000 | Mix 20% | Seed 42 | Dim 92
2025-08-01 06:58:55 - Loss: val=1.1385 | LR: 5.00e-04
2025-08-01 06:58:55 -   S1->S2: 100.00% (50/50)
2025-08-01 06:58:55 -   S2->S3: 100.00% (50/50)
2025-08-01 06:58:55 -   S1->S3: 96.00% (48/50)
2025-08-01 06:59:19 - 
============================================================
2025-08-01 06:59:19 - Iteration 24000 | Mix 20% | Seed 42 | Dim 92
2025-08-01 06:59:19 - Loss: val=1.1044 | LR: 5.00e-04
2025-08-01 06:59:19 -   S1->S2: 100.00% (50/50)
2025-08-01 06:59:19 -   S2->S3: 100.00% (50/50)
2025-08-01 06:59:19 -   S1->S3: 96.00% (48/50)
2025-08-01 06:59:44 - 
============================================================
2025-08-01 06:59:44 - Iteration 25000 | Mix 20% | Seed 42 | Dim 92
2025-08-01 06:59:44 - Loss: val=1.1266 | LR: 5.00e-04
2025-08-01 06:59:44 -   S1->S2: 100.00% (50/50)
2025-08-01 06:59:44 -   S2->S3: 100.00% (50/50)
2025-08-01 06:59:44 -   S1->S3: 92.00% (46/50)
2025-08-01 07:00:09 - 
============================================================
2025-08-01 07:00:09 - Iteration 26000 | Mix 20% | Seed 42 | Dim 92
2025-08-01 07:00:09 - Loss: val=1.1294 | LR: 5.00e-04
2025-08-01 07:00:09 -   S1->S2: 100.00% (50/50)
2025-08-01 07:00:09 -   S2->S3: 100.00% (50/50)
2025-08-01 07:00:09 -   S1->S3: 96.00% (48/50)
2025-08-01 07:00:33 - 
============================================================
2025-08-01 07:00:33 - Iteration 27000 | Mix 20% | Seed 42 | Dim 92
2025-08-01 07:00:33 - Loss: val=1.1238 | LR: 5.00e-04
2025-08-01 07:00:33 -   S1->S2: 100.00% (50/50)
2025-08-01 07:00:33 -   S2->S3: 100.00% (50/50)
2025-08-01 07:00:33 -   S1->S3: 94.00% (47/50)
2025-08-01 07:00:58 - 
============================================================
2025-08-01 07:00:58 - Iteration 28000 | Mix 20% | Seed 42 | Dim 92
2025-08-01 07:00:58 - Loss: val=1.1242 | LR: 5.00e-04
2025-08-01 07:00:58 -   S1->S2: 100.00% (50/50)
2025-08-01 07:00:58 -   S2->S3: 100.00% (50/50)
2025-08-01 07:00:58 -   S1->S3: 92.00% (46/50)
2025-08-01 07:01:22 - 
============================================================
2025-08-01 07:01:22 - Iteration 29000 | Mix 20% | Seed 42 | Dim 92
2025-08-01 07:01:22 - Loss: val=1.1170 | LR: 5.00e-04
2025-08-01 07:01:22 -   S1->S2: 100.00% (50/50)
2025-08-01 07:01:22 -   S2->S3: 100.00% (50/50)
2025-08-01 07:01:22 -   S1->S3: 96.00% (48/50)
2025-08-01 07:01:47 - 
============================================================
2025-08-01 07:01:47 - Iteration 30000 | Mix 20% | Seed 42 | Dim 92
2025-08-01 07:01:47 - Loss: val=1.1241 | LR: 5.00e-04
2025-08-01 07:01:47 -   S1->S2: 100.00% (50/50)
2025-08-01 07:01:47 -   S2->S3: 100.00% (50/50)
2025-08-01 07:01:47 -   S1->S3: 96.00% (48/50)
2025-08-01 07:02:12 - 
============================================================
2025-08-01 07:02:12 - Iteration 31000 | Mix 20% | Seed 42 | Dim 92
2025-08-01 07:02:12 - Loss: val=1.1161 | LR: 5.00e-04
2025-08-01 07:02:12 -   S1->S2: 100.00% (50/50)
2025-08-01 07:02:12 -   S2->S3: 100.00% (50/50)
2025-08-01 07:02:12 -   S1->S3: 90.00% (45/50)
2025-08-01 07:02:36 - 
============================================================
2025-08-01 07:02:36 - Iteration 32000 | Mix 20% | Seed 42 | Dim 92
2025-08-01 07:02:36 - Loss: val=1.1167 | LR: 5.00e-04
2025-08-01 07:02:36 -   S1->S2: 100.00% (50/50)
2025-08-01 07:02:36 -   S2->S3: 100.00% (50/50)
2025-08-01 07:02:36 -   S1->S3: 90.00% (45/50)
2025-08-01 07:03:01 - 
============================================================
2025-08-01 07:03:01 - Iteration 33000 | Mix 20% | Seed 42 | Dim 92
2025-08-01 07:03:01 - Loss: val=1.1269 | LR: 5.00e-04
2025-08-01 07:03:01 -   S1->S2: 100.00% (50/50)
2025-08-01 07:03:01 -   S2->S3: 100.00% (50/50)
2025-08-01 07:03:01 -   S1->S3: 94.00% (47/50)
2025-08-01 07:03:25 - 
============================================================
2025-08-01 07:03:25 - Iteration 34000 | Mix 20% | Seed 42 | Dim 92
2025-08-01 07:03:25 - Loss: val=1.1263 | LR: 5.00e-04
2025-08-01 07:03:25 -   S1->S2: 100.00% (50/50)
2025-08-01 07:03:25 -   S2->S3: 100.00% (50/50)
2025-08-01 07:03:25 -   S1->S3: 100.00% (50/50)
2025-08-01 07:03:50 - 
============================================================
2025-08-01 07:03:50 - Iteration 35000 | Mix 20% | Seed 42 | Dim 92
2025-08-01 07:03:50 - Loss: val=1.1115 | LR: 5.00e-04
2025-08-01 07:03:50 -   S1->S2: 100.00% (50/50)
2025-08-01 07:03:50 -   S2->S3: 100.00% (50/50)
2025-08-01 07:03:50 -   S1->S3: 96.00% (48/50)
2025-08-01 07:04:15 - 
============================================================
2025-08-01 07:04:15 - Iteration 36000 | Mix 20% | Seed 42 | Dim 92
2025-08-01 07:04:15 - Loss: val=1.1249 | LR: 5.00e-04
2025-08-01 07:04:15 -   S1->S2: 100.00% (50/50)
2025-08-01 07:04:15 -   S2->S3: 100.00% (50/50)
2025-08-01 07:04:15 -   S1->S3: 94.00% (47/50)
2025-08-01 07:04:39 - 
============================================================
2025-08-01 07:04:39 - Iteration 37000 | Mix 20% | Seed 42 | Dim 92
2025-08-01 07:04:39 - Loss: val=1.1197 | LR: 5.00e-04
2025-08-01 07:04:39 -   S1->S2: 100.00% (50/50)
2025-08-01 07:04:39 -   S2->S3: 100.00% (50/50)
2025-08-01 07:04:39 -   S1->S3: 90.00% (45/50)
2025-08-01 07:05:04 - 
============================================================
2025-08-01 07:05:04 - Iteration 38000 | Mix 20% | Seed 42 | Dim 92
2025-08-01 07:05:04 - Loss: val=1.1004 | LR: 5.00e-04
2025-08-01 07:05:04 -   S1->S2: 100.00% (50/50)
2025-08-01 07:05:04 -   S2->S3: 100.00% (50/50)
2025-08-01 07:05:04 -   S1->S3: 92.00% (46/50)
2025-08-01 07:05:29 - 
============================================================
2025-08-01 07:05:29 - Iteration 39000 | Mix 20% | Seed 42 | Dim 92
2025-08-01 07:05:29 - Loss: val=1.1276 | LR: 5.00e-04
2025-08-01 07:05:29 -   S1->S2: 100.00% (50/50)
2025-08-01 07:05:29 -   S2->S3: 100.00% (50/50)
2025-08-01 07:05:29 -   S1->S3: 92.00% (46/50)
2025-08-01 07:05:53 - 
============================================================
2025-08-01 07:05:53 - Iteration 40000 | Mix 20% | Seed 42 | Dim 92
2025-08-01 07:05:53 - Loss: val=1.1411 | LR: 5.00e-04
2025-08-01 07:05:53 -   S1->S2: 100.00% (50/50)
2025-08-01 07:05:53 -   S2->S3: 100.00% (50/50)
2025-08-01 07:05:53 -   S1->S3: 88.00% (44/50)
2025-08-01 07:06:18 - 
============================================================
2025-08-01 07:06:18 - Iteration 41000 | Mix 20% | Seed 42 | Dim 92
2025-08-01 07:06:18 - Loss: val=1.1145 | LR: 5.00e-04
2025-08-01 07:06:18 -   S1->S2: 100.00% (50/50)
2025-08-01 07:06:18 -   S2->S3: 100.00% (50/50)
2025-08-01 07:06:18 -   S1->S3: 86.00% (43/50)
2025-08-01 07:06:43 - 
============================================================
2025-08-01 07:06:43 - Iteration 42000 | Mix 20% | Seed 42 | Dim 92
2025-08-01 07:06:43 - Loss: val=1.1275 | LR: 5.00e-04
2025-08-01 07:06:43 -   S1->S2: 100.00% (50/50)
2025-08-01 07:06:43 -   S2->S3: 100.00% (50/50)
2025-08-01 07:06:43 -   S1->S3: 94.00% (47/50)
2025-08-01 07:07:07 - 
============================================================
2025-08-01 07:07:07 - Iteration 43000 | Mix 20% | Seed 42 | Dim 92
2025-08-01 07:07:07 - Loss: val=1.1398 | LR: 5.00e-04
2025-08-01 07:07:07 -   S1->S2: 100.00% (50/50)
2025-08-01 07:07:07 -   S2->S3: 100.00% (50/50)
2025-08-01 07:07:07 -   S1->S3: 92.00% (46/50)
2025-08-01 07:07:32 - 
============================================================
2025-08-01 07:07:32 - Iteration 44000 | Mix 20% | Seed 42 | Dim 92
2025-08-01 07:07:32 - Loss: val=1.1124 | LR: 5.00e-04
2025-08-01 07:07:32 -   S1->S2: 100.00% (50/50)
2025-08-01 07:07:32 -   S2->S3: 100.00% (50/50)
2025-08-01 07:07:32 -   S1->S3: 98.00% (49/50)
2025-08-01 07:07:57 - 
============================================================
2025-08-01 07:07:57 - Iteration 45000 | Mix 20% | Seed 42 | Dim 92
2025-08-01 07:07:57 - Loss: val=1.1329 | LR: 5.00e-04
2025-08-01 07:07:57 -   S1->S2: 100.00% (50/50)
2025-08-01 07:07:57 -   S2->S3: 100.00% (50/50)
2025-08-01 07:07:57 -   S1->S3: 94.00% (47/50)
2025-08-01 07:08:21 - 
============================================================
2025-08-01 07:08:21 - Iteration 46000 | Mix 20% | Seed 42 | Dim 92
2025-08-01 07:08:21 - Loss: val=1.1201 | LR: 5.00e-04
2025-08-01 07:08:21 -   S1->S2: 100.00% (50/50)
2025-08-01 07:08:21 -   S2->S3: 100.00% (50/50)
2025-08-01 07:08:21 -   S1->S3: 96.00% (48/50)
2025-08-01 07:08:46 - 
============================================================
2025-08-01 07:08:46 - Iteration 47000 | Mix 20% | Seed 42 | Dim 92
2025-08-01 07:08:46 - Loss: val=1.1186 | LR: 5.00e-04
2025-08-01 07:08:46 -   S1->S2: 100.00% (50/50)
2025-08-01 07:08:46 -   S2->S3: 100.00% (50/50)
2025-08-01 07:08:46 -   S1->S3: 96.00% (48/50)
2025-08-01 07:09:11 - 
============================================================
2025-08-01 07:09:11 - Iteration 48000 | Mix 20% | Seed 42 | Dim 92
2025-08-01 07:09:11 - Loss: val=1.1189 | LR: 5.00e-04
2025-08-01 07:09:11 -   S1->S2: 100.00% (50/50)
2025-08-01 07:09:11 -   S2->S3: 100.00% (50/50)
2025-08-01 07:09:11 -   S1->S3: 96.00% (48/50)
2025-08-01 07:09:35 - 
============================================================
2025-08-01 07:09:35 - Iteration 49000 | Mix 20% | Seed 42 | Dim 92
2025-08-01 07:09:35 - Loss: val=1.1480 | LR: 5.00e-04
2025-08-01 07:09:35 -   S1->S2: 100.00% (50/50)
2025-08-01 07:09:35 -   S2->S3: 100.00% (50/50)
2025-08-01 07:09:35 -   S1->S3: 96.00% (48/50)
2025-08-01 07:10:00 - 
============================================================
2025-08-01 07:10:00 - Iteration 50000 | Mix 20% | Seed 42 | Dim 92
2025-08-01 07:10:00 - Loss: val=1.1152 | LR: 5.00e-04
2025-08-01 07:10:00 -   S1->S2: 100.00% (50/50)
2025-08-01 07:10:00 -   S2->S3: 100.00% (50/50)
2025-08-01 07:10:00 -   S1->S3: 96.00% (48/50)
2025-08-01 07:10:00 - 
============================================================
2025-08-01 07:10:00 - 🎉 Training finished! Results are in: out_d92/composition_mix20_seed42_20250801_064928
2025-08-01 07:10:00 - ============================================================
