2025-08-01 05:08:18 - ============================================================
2025-08-01 05:08:18 - Starting Final Training Suite
2025-08-01 05:08:18 -   - Model: 1L-1H-92D
2025-08-01 05:08:18 -   - Data: data/simple_graph/composition_90_mixed_20
2025-08-01 05:08:18 -   - Mixing Ratio: 0%
2025-08-01 05:08:18 -   - Seed: 123
2025-08-01 05:08:18 -   - Output Directory: out_d92/composition_mix0_seed123_20250801_050818
2025-08-01 05:08:18 - ============================================================
2025-08-01 05:08:19 - Model initialized: 0.11M parameters
2025-08-01 05:08:19 - 
Starting training...
2025-08-01 05:08:44 - 
============================================================
2025-08-01 05:08:44 - Iteration 1000 | Mix 0% | Seed 123 | Dim 92
2025-08-01 05:08:44 - Loss: val=0.9976 | LR: 2.50e-04
2025-08-01 05:08:44 -   S1->S2: 96.00% (48/50)
2025-08-01 05:08:44 -   S2->S3: 100.00% (50/50)
2025-08-01 05:08:44 -   S1->S3: 96.00% (48/50)
2025-08-01 05:09:09 - 
============================================================
2025-08-01 05:09:09 - Iteration 2000 | Mix 0% | Seed 123 | Dim 92
2025-08-01 05:09:09 - Loss: val=0.9552 | LR: 5.00e-04
2025-08-01 05:09:09 -   S1->S2: 100.00% (50/50)
2025-08-01 05:09:09 -   S2->S3: 100.00% (50/50)
2025-08-01 05:09:09 -   S1->S3: 94.00% (47/50)
2025-08-01 05:09:34 - 
============================================================
2025-08-01 05:09:34 - Iteration 3000 | Mix 0% | Seed 123 | Dim 92
2025-08-01 05:09:34 - Loss: val=0.9967 | LR: 5.00e-04
2025-08-01 05:09:34 -   S1->S2: 100.00% (50/50)
2025-08-01 05:09:34 -   S2->S3: 100.00% (50/50)
2025-08-01 05:09:34 -   S1->S3: 96.00% (48/50)
2025-08-01 05:09:59 - 
============================================================
2025-08-01 05:09:59 - Iteration 4000 | Mix 0% | Seed 123 | Dim 92
2025-08-01 05:09:59 - Loss: val=1.0150 | LR: 5.00e-04
2025-08-01 05:09:59 -   S1->S2: 100.00% (50/50)
2025-08-01 05:09:59 -   S2->S3: 100.00% (50/50)
2025-08-01 05:09:59 -   S1->S3: 94.00% (47/50)
2025-08-01 05:10:24 - 
============================================================
2025-08-01 05:10:24 - Iteration 5000 | Mix 0% | Seed 123 | Dim 92
2025-08-01 05:10:24 - Loss: val=1.0167 | LR: 5.00e-04
2025-08-01 05:10:24 -   S1->S2: 100.00% (50/50)
2025-08-01 05:10:24 -   S2->S3: 100.00% (50/50)
2025-08-01 05:10:24 -   S1->S3: 94.00% (47/50)
2025-08-01 05:10:48 - 
============================================================
2025-08-01 05:10:48 - Iteration 6000 | Mix 0% | Seed 123 | Dim 92
2025-08-01 05:10:48 - Loss: val=1.0371 | LR: 5.00e-04
2025-08-01 05:10:48 -   S1->S2: 100.00% (50/50)
2025-08-01 05:10:48 -   S2->S3: 100.00% (50/50)
2025-08-01 05:10:48 -   S1->S3: 94.00% (47/50)
