2025-08-01 06:29:09 - ============================================================
2025-08-01 06:29:09 - Starting Final Training Suite
2025-08-01 06:29:09 -   - Model: 1L-1H-92D
2025-08-01 06:29:09 -   - Data: data/simple_graph/composition_90
2025-08-01 06:29:09 -   - Mixing Ratio: 0%
2025-08-01 06:29:09 -   - Seed: 456
2025-08-01 06:29:09 -   - Output Directory: out_d92/composition_mix0_seed456_20250801_062909
2025-08-01 06:29:09 - ============================================================
2025-08-01 06:29:10 - Model initialized: 0.11M parameters
2025-08-01 06:29:10 - 
Starting training...
2025-08-01 06:29:35 - 
============================================================
2025-08-01 06:29:35 - Iteration 1000 | Mix 0% | Seed 456 | Dim 92
2025-08-01 06:29:35 - Loss: val=1.3932 | LR: 2.50e-04
2025-08-01 06:29:35 -   S1->S2: 100.00% (50/50)
2025-08-01 06:29:35 -   S2->S3: 98.00% (49/50)
2025-08-01 06:29:35 -   S1->S3: 64.00% (32/50)
2025-08-01 06:29:59 - 
============================================================
2025-08-01 06:29:59 - Iteration 2000 | Mix 0% | Seed 456 | Dim 92
2025-08-01 06:29:59 - Loss: val=1.4532 | LR: 5.00e-04
2025-08-01 06:29:59 -   S1->S2: 100.00% (50/50)
2025-08-01 06:29:59 -   S2->S3: 100.00% (50/50)
2025-08-01 06:29:59 -   S1->S3: 82.00% (41/50)
2025-08-01 06:30:23 - 
============================================================
2025-08-01 06:30:23 - Iteration 3000 | Mix 0% | Seed 456 | Dim 92
2025-08-01 06:30:23 - Loss: val=1.4782 | LR: 5.00e-04
2025-08-01 06:30:23 -   S1->S2: 100.00% (50/50)
2025-08-01 06:30:23 -   S2->S3: 100.00% (50/50)
2025-08-01 06:30:23 -   S1->S3: 86.00% (43/50)
2025-08-01 06:30:48 - 
============================================================
2025-08-01 06:30:48 - Iteration 4000 | Mix 0% | Seed 456 | Dim 92
2025-08-01 06:30:48 - Loss: val=1.5011 | LR: 5.00e-04
2025-08-01 06:30:48 -   S1->S2: 100.00% (50/50)
2025-08-01 06:30:48 -   S2->S3: 100.00% (50/50)
2025-08-01 06:30:48 -   S1->S3: 82.00% (41/50)
2025-08-01 06:31:12 - 
============================================================
2025-08-01 06:31:12 - Iteration 5000 | Mix 0% | Seed 456 | Dim 92
2025-08-01 06:31:12 - Loss: val=1.5358 | LR: 5.00e-04
2025-08-01 06:31:12 -   S1->S2: 100.00% (50/50)
2025-08-01 06:31:12 -   S2->S3: 100.00% (50/50)
2025-08-01 06:31:12 -   S1->S3: 88.00% (44/50)
2025-08-01 06:31:36 - 
============================================================
2025-08-01 06:31:36 - Iteration 6000 | Mix 0% | Seed 456 | Dim 92
2025-08-01 06:31:36 - Loss: val=1.5339 | LR: 5.00e-04
2025-08-01 06:31:36 -   S1->S2: 100.00% (50/50)
2025-08-01 06:31:36 -   S2->S3: 100.00% (50/50)
2025-08-01 06:31:36 -   S1->S3: 80.00% (40/50)
2025-08-01 06:32:00 - 
============================================================
2025-08-01 06:32:00 - Iteration 7000 | Mix 0% | Seed 456 | Dim 92
2025-08-01 06:32:00 - Loss: val=1.5166 | LR: 5.00e-04
2025-08-01 06:32:00 -   S1->S2: 100.00% (50/50)
2025-08-01 06:32:00 -   S2->S3: 100.00% (50/50)
2025-08-01 06:32:00 -   S1->S3: 76.00% (38/50)
2025-08-01 06:32:25 - 
============================================================
2025-08-01 06:32:25 - Iteration 8000 | Mix 0% | Seed 456 | Dim 92
2025-08-01 06:32:25 - Loss: val=1.5133 | LR: 5.00e-04
2025-08-01 06:32:25 -   S1->S2: 100.00% (50/50)
2025-08-01 06:32:25 -   S2->S3: 100.00% (50/50)
2025-08-01 06:32:25 -   S1->S3: 66.00% (33/50)
2025-08-01 06:32:49 - 
============================================================
2025-08-01 06:32:49 - Iteration 9000 | Mix 0% | Seed 456 | Dim 92
2025-08-01 06:32:49 - Loss: val=1.5286 | LR: 5.00e-04
2025-08-01 06:32:49 -   S1->S2: 100.00% (50/50)
2025-08-01 06:32:49 -   S2->S3: 100.00% (50/50)
2025-08-01 06:32:49 -   S1->S3: 74.00% (37/50)
2025-08-01 06:33:13 - 
============================================================
2025-08-01 06:33:13 - Iteration 10000 | Mix 0% | Seed 456 | Dim 92
2025-08-01 06:33:13 - Loss: val=1.5482 | LR: 5.00e-04
2025-08-01 06:33:13 -   S1->S2: 100.00% (50/50)
2025-08-01 06:33:13 -   S2->S3: 100.00% (50/50)
2025-08-01 06:33:13 -   S1->S3: 70.00% (35/50)
2025-08-01 06:33:38 - 
============================================================
2025-08-01 06:33:38 - Iteration 11000 | Mix 0% | Seed 456 | Dim 92
2025-08-01 06:33:38 - Loss: val=1.5444 | LR: 5.00e-04
2025-08-01 06:33:38 -   S1->S2: 100.00% (50/50)
2025-08-01 06:33:38 -   S2->S3: 100.00% (50/50)
2025-08-01 06:33:38 -   S1->S3: 68.00% (34/50)
2025-08-01 06:34:02 - 
============================================================
2025-08-01 06:34:02 - Iteration 12000 | Mix 0% | Seed 456 | Dim 92
2025-08-01 06:34:02 - Loss: val=1.5486 | LR: 5.00e-04
2025-08-01 06:34:02 -   S1->S2: 100.00% (50/50)
2025-08-01 06:34:02 -   S2->S3: 100.00% (50/50)
2025-08-01 06:34:02 -   S1->S3: 72.00% (36/50)
2025-08-01 06:34:26 - 
============================================================
2025-08-01 06:34:26 - Iteration 13000 | Mix 0% | Seed 456 | Dim 92
2025-08-01 06:34:26 - Loss: val=1.5754 | LR: 5.00e-04
2025-08-01 06:34:26 -   S1->S2: 100.00% (50/50)
2025-08-01 06:34:26 -   S2->S3: 100.00% (50/50)
2025-08-01 06:34:26 -   S1->S3: 56.00% (28/50)
2025-08-01 06:34:51 - 
============================================================
2025-08-01 06:34:51 - Iteration 14000 | Mix 0% | Seed 456 | Dim 92
2025-08-01 06:34:51 - Loss: val=1.5410 | LR: 5.00e-04
2025-08-01 06:34:51 -   S1->S2: 100.00% (50/50)
2025-08-01 06:34:51 -   S2->S3: 100.00% (50/50)
2025-08-01 06:34:51 -   S1->S3: 62.00% (31/50)
2025-08-01 06:35:15 - 
============================================================
2025-08-01 06:35:15 - Iteration 15000 | Mix 0% | Seed 456 | Dim 92
2025-08-01 06:35:15 - Loss: val=1.5677 | LR: 5.00e-04
2025-08-01 06:35:15 -   S1->S2: 100.00% (50/50)
2025-08-01 06:35:15 -   S2->S3: 100.00% (50/50)
2025-08-01 06:35:15 -   S1->S3: 60.00% (30/50)
2025-08-01 06:35:39 - 
============================================================
2025-08-01 06:35:39 - Iteration 16000 | Mix 0% | Seed 456 | Dim 92
2025-08-01 06:35:39 - Loss: val=1.5252 | LR: 5.00e-04
2025-08-01 06:35:39 -   S1->S2: 100.00% (50/50)
2025-08-01 06:35:39 -   S2->S3: 100.00% (50/50)
2025-08-01 06:35:39 -   S1->S3: 60.00% (30/50)
2025-08-01 06:36:04 - 
============================================================
2025-08-01 06:36:04 - Iteration 17000 | Mix 0% | Seed 456 | Dim 92
2025-08-01 06:36:04 - Loss: val=1.5245 | LR: 5.00e-04
2025-08-01 06:36:04 -   S1->S2: 100.00% (50/50)
2025-08-01 06:36:04 -   S2->S3: 100.00% (50/50)
2025-08-01 06:36:04 -   S1->S3: 60.00% (30/50)
2025-08-01 06:36:28 - 
============================================================
2025-08-01 06:36:28 - Iteration 18000 | Mix 0% | Seed 456 | Dim 92
2025-08-01 06:36:28 - Loss: val=1.5075 | LR: 5.00e-04
2025-08-01 06:36:28 -   S1->S2: 100.00% (50/50)
2025-08-01 06:36:28 -   S2->S3: 100.00% (50/50)
2025-08-01 06:36:28 -   S1->S3: 68.00% (34/50)
2025-08-01 06:36:52 - 
============================================================
2025-08-01 06:36:52 - Iteration 19000 | Mix 0% | Seed 456 | Dim 92
2025-08-01 06:36:52 - Loss: val=1.5359 | LR: 5.00e-04
2025-08-01 06:36:52 -   S1->S2: 100.00% (50/50)
2025-08-01 06:36:52 -   S2->S3: 100.00% (50/50)
2025-08-01 06:36:52 -   S1->S3: 68.00% (34/50)
2025-08-01 06:37:17 - 
============================================================
2025-08-01 06:37:17 - Iteration 20000 | Mix 0% | Seed 456 | Dim 92
2025-08-01 06:37:17 - Loss: val=1.5379 | LR: 5.00e-04
2025-08-01 06:37:17 -   S1->S2: 100.00% (50/50)
2025-08-01 06:37:17 -   S2->S3: 100.00% (50/50)
2025-08-01 06:37:17 -   S1->S3: 62.00% (31/50)
2025-08-01 06:37:41 - 
============================================================
2025-08-01 06:37:41 - Iteration 21000 | Mix 0% | Seed 456 | Dim 92
2025-08-01 06:37:41 - Loss: val=1.5724 | LR: 5.00e-04
2025-08-01 06:37:41 -   S1->S2: 100.00% (50/50)
2025-08-01 06:37:41 -   S2->S3: 100.00% (50/50)
2025-08-01 06:37:41 -   S1->S3: 62.00% (31/50)
2025-08-01 06:38:05 - 
============================================================
2025-08-01 06:38:05 - Iteration 22000 | Mix 0% | Seed 456 | Dim 92
2025-08-01 06:38:05 - Loss: val=1.5977 | LR: 5.00e-04
2025-08-01 06:38:05 -   S1->S2: 100.00% (50/50)
2025-08-01 06:38:05 -   S2->S3: 100.00% (50/50)
2025-08-01 06:38:05 -   S1->S3: 64.00% (32/50)
2025-08-01 06:38:30 - 
============================================================
2025-08-01 06:38:30 - Iteration 23000 | Mix 0% | Seed 456 | Dim 92
2025-08-01 06:38:30 - Loss: val=1.6008 | LR: 5.00e-04
2025-08-01 06:38:30 -   S1->S2: 100.00% (50/50)
2025-08-01 06:38:30 -   S2->S3: 100.00% (50/50)
2025-08-01 06:38:30 -   S1->S3: 60.00% (30/50)
2025-08-01 06:38:54 - 
============================================================
2025-08-01 06:38:54 - Iteration 24000 | Mix 0% | Seed 456 | Dim 92
2025-08-01 06:38:54 - Loss: val=1.5956 | LR: 5.00e-04
2025-08-01 06:38:54 -   S1->S2: 100.00% (50/50)
2025-08-01 06:38:54 -   S2->S3: 100.00% (50/50)
2025-08-01 06:38:54 -   S1->S3: 72.00% (36/50)
2025-08-01 06:39:19 - 
============================================================
2025-08-01 06:39:19 - Iteration 25000 | Mix 0% | Seed 456 | Dim 92
2025-08-01 06:39:19 - Loss: val=1.6384 | LR: 5.00e-04
2025-08-01 06:39:19 -   S1->S2: 100.00% (50/50)
2025-08-01 06:39:19 -   S2->S3: 100.00% (50/50)
2025-08-01 06:39:19 -   S1->S3: 66.00% (33/50)
2025-08-01 06:39:43 - 
============================================================
2025-08-01 06:39:43 - Iteration 26000 | Mix 0% | Seed 456 | Dim 92
2025-08-01 06:39:43 - Loss: val=1.6493 | LR: 5.00e-04
2025-08-01 06:39:43 -   S1->S2: 100.00% (50/50)
2025-08-01 06:39:43 -   S2->S3: 100.00% (50/50)
2025-08-01 06:39:43 -   S1->S3: 70.00% (35/50)
2025-08-01 06:40:07 - 
============================================================
2025-08-01 06:40:07 - Iteration 27000 | Mix 0% | Seed 456 | Dim 92
2025-08-01 06:40:07 - Loss: val=1.6395 | LR: 5.00e-04
2025-08-01 06:40:07 -   S1->S2: 100.00% (50/50)
2025-08-01 06:40:07 -   S2->S3: 100.00% (50/50)
2025-08-01 06:40:07 -   S1->S3: 68.00% (34/50)
2025-08-01 06:40:32 - 
============================================================
2025-08-01 06:40:32 - Iteration 28000 | Mix 0% | Seed 456 | Dim 92
2025-08-01 06:40:32 - Loss: val=1.6561 | LR: 5.00e-04
2025-08-01 06:40:32 -   S1->S2: 100.00% (50/50)
2025-08-01 06:40:32 -   S2->S3: 100.00% (50/50)
2025-08-01 06:40:32 -   S1->S3: 58.00% (29/50)
2025-08-01 06:40:56 - 
============================================================
2025-08-01 06:40:56 - Iteration 29000 | Mix 0% | Seed 456 | Dim 92
2025-08-01 06:40:56 - Loss: val=1.7098 | LR: 5.00e-04
2025-08-01 06:40:56 -   S1->S2: 100.00% (50/50)
2025-08-01 06:40:56 -   S2->S3: 100.00% (50/50)
2025-08-01 06:40:56 -   S1->S3: 64.00% (32/50)
2025-08-01 06:41:20 - 
============================================================
2025-08-01 06:41:20 - Iteration 30000 | Mix 0% | Seed 456 | Dim 92
2025-08-01 06:41:20 - Loss: val=1.7285 | LR: 5.00e-04
2025-08-01 06:41:20 -   S1->S2: 100.00% (50/50)
2025-08-01 06:41:20 -   S2->S3: 100.00% (50/50)
2025-08-01 06:41:20 -   S1->S3: 58.00% (29/50)
2025-08-01 06:41:45 - 
============================================================
2025-08-01 06:41:45 - Iteration 31000 | Mix 0% | Seed 456 | Dim 92
2025-08-01 06:41:45 - Loss: val=1.7572 | LR: 5.00e-04
2025-08-01 06:41:45 -   S1->S2: 100.00% (50/50)
2025-08-01 06:41:45 -   S2->S3: 100.00% (50/50)
2025-08-01 06:41:45 -   S1->S3: 62.00% (31/50)
2025-08-01 06:42:09 - 
============================================================
2025-08-01 06:42:09 - Iteration 32000 | Mix 0% | Seed 456 | Dim 92
2025-08-01 06:42:09 - Loss: val=1.7275 | LR: 5.00e-04
2025-08-01 06:42:09 -   S1->S2: 100.00% (50/50)
2025-08-01 06:42:09 -   S2->S3: 100.00% (50/50)
2025-08-01 06:42:09 -   S1->S3: 60.00% (30/50)
2025-08-01 06:42:33 - 
============================================================
2025-08-01 06:42:33 - Iteration 33000 | Mix 0% | Seed 456 | Dim 92
2025-08-01 06:42:33 - Loss: val=1.7324 | LR: 5.00e-04
2025-08-01 06:42:33 -   S1->S2: 100.00% (50/50)
2025-08-01 06:42:33 -   S2->S3: 100.00% (50/50)
2025-08-01 06:42:33 -   S1->S3: 58.00% (29/50)
2025-08-01 06:42:58 - 
============================================================
2025-08-01 06:42:58 - Iteration 34000 | Mix 0% | Seed 456 | Dim 92
2025-08-01 06:42:58 - Loss: val=1.8335 | LR: 5.00e-04
2025-08-01 06:42:58 -   S1->S2: 100.00% (50/50)
2025-08-01 06:42:58 -   S2->S3: 100.00% (50/50)
2025-08-01 06:42:58 -   S1->S3: 54.00% (27/50)
2025-08-01 06:43:22 - 
============================================================
2025-08-01 06:43:22 - Iteration 35000 | Mix 0% | Seed 456 | Dim 92
2025-08-01 06:43:22 - Loss: val=1.8306 | LR: 5.00e-04
2025-08-01 06:43:22 -   S1->S2: 100.00% (50/50)
2025-08-01 06:43:22 -   S2->S3: 100.00% (50/50)
2025-08-01 06:43:22 -   S1->S3: 68.00% (34/50)
2025-08-01 06:43:46 - 
============================================================
2025-08-01 06:43:46 - Iteration 36000 | Mix 0% | Seed 456 | Dim 92
2025-08-01 06:43:46 - Loss: val=1.8058 | LR: 5.00e-04
2025-08-01 06:43:46 -   S1->S2: 100.00% (50/50)
2025-08-01 06:43:46 -   S2->S3: 100.00% (50/50)
2025-08-01 06:43:46 -   S1->S3: 58.00% (29/50)
2025-08-01 06:44:11 - 
============================================================
2025-08-01 06:44:11 - Iteration 37000 | Mix 0% | Seed 456 | Dim 92
2025-08-01 06:44:11 - Loss: val=1.8071 | LR: 5.00e-04
2025-08-01 06:44:11 -   S1->S2: 100.00% (50/50)
2025-08-01 06:44:11 -   S2->S3: 100.00% (50/50)
2025-08-01 06:44:11 -   S1->S3: 70.00% (35/50)
2025-08-01 06:44:35 - 
============================================================
2025-08-01 06:44:35 - Iteration 38000 | Mix 0% | Seed 456 | Dim 92
2025-08-01 06:44:35 - Loss: val=1.8302 | LR: 5.00e-04
2025-08-01 06:44:35 -   S1->S2: 100.00% (50/50)
2025-08-01 06:44:35 -   S2->S3: 100.00% (50/50)
2025-08-01 06:44:35 -   S1->S3: 56.00% (28/50)
2025-08-01 06:44:59 - 
============================================================
2025-08-01 06:44:59 - Iteration 39000 | Mix 0% | Seed 456 | Dim 92
2025-08-01 06:44:59 - Loss: val=1.8313 | LR: 5.00e-04
2025-08-01 06:44:59 -   S1->S2: 100.00% (50/50)
2025-08-01 06:44:59 -   S2->S3: 100.00% (50/50)
2025-08-01 06:44:59 -   S1->S3: 66.00% (33/50)
2025-08-01 06:45:24 - 
============================================================
2025-08-01 06:45:24 - Iteration 40000 | Mix 0% | Seed 456 | Dim 92
2025-08-01 06:45:24 - Loss: val=1.8610 | LR: 5.00e-04
2025-08-01 06:45:24 -   S1->S2: 100.00% (50/50)
2025-08-01 06:45:24 -   S2->S3: 100.00% (50/50)
2025-08-01 06:45:24 -   S1->S3: 56.00% (28/50)
2025-08-01 06:45:48 - 
============================================================
2025-08-01 06:45:48 - Iteration 41000 | Mix 0% | Seed 456 | Dim 92
2025-08-01 06:45:48 - Loss: val=1.8380 | LR: 5.00e-04
2025-08-01 06:45:48 -   S1->S2: 100.00% (50/50)
2025-08-01 06:45:48 -   S2->S3: 100.00% (50/50)
2025-08-01 06:45:48 -   S1->S3: 62.00% (31/50)
2025-08-01 06:46:12 - 
============================================================
2025-08-01 06:46:12 - Iteration 42000 | Mix 0% | Seed 456 | Dim 92
2025-08-01 06:46:12 - Loss: val=1.8762 | LR: 5.00e-04
2025-08-01 06:46:12 -   S1->S2: 100.00% (50/50)
2025-08-01 06:46:12 -   S2->S3: 100.00% (50/50)
2025-08-01 06:46:12 -   S1->S3: 72.00% (36/50)
2025-08-01 06:46:36 - 
============================================================
2025-08-01 06:46:36 - Iteration 43000 | Mix 0% | Seed 456 | Dim 92
2025-08-01 06:46:36 - Loss: val=1.9067 | LR: 5.00e-04
2025-08-01 06:46:36 -   S1->S2: 100.00% (50/50)
2025-08-01 06:46:36 -   S2->S3: 100.00% (50/50)
2025-08-01 06:46:36 -   S1->S3: 60.00% (30/50)
2025-08-01 06:47:00 - 
============================================================
2025-08-01 06:47:00 - Iteration 44000 | Mix 0% | Seed 456 | Dim 92
2025-08-01 06:47:00 - Loss: val=1.9128 | LR: 5.00e-04
2025-08-01 06:47:00 -   S1->S2: 100.00% (50/50)
2025-08-01 06:47:00 -   S2->S3: 100.00% (50/50)
2025-08-01 06:47:00 -   S1->S3: 76.00% (38/50)
2025-08-01 06:47:25 - 
============================================================
2025-08-01 06:47:25 - Iteration 45000 | Mix 0% | Seed 456 | Dim 92
2025-08-01 06:47:25 - Loss: val=1.8747 | LR: 5.00e-04
2025-08-01 06:47:25 -   S1->S2: 100.00% (50/50)
2025-08-01 06:47:25 -   S2->S3: 100.00% (50/50)
2025-08-01 06:47:25 -   S1->S3: 60.00% (30/50)
2025-08-01 06:47:49 - 
============================================================
2025-08-01 06:47:49 - Iteration 46000 | Mix 0% | Seed 456 | Dim 92
2025-08-01 06:47:49 - Loss: val=1.8919 | LR: 5.00e-04
2025-08-01 06:47:49 -   S1->S2: 100.00% (50/50)
2025-08-01 06:47:49 -   S2->S3: 100.00% (50/50)
2025-08-01 06:47:49 -   S1->S3: 74.00% (37/50)
2025-08-01 06:48:13 - 
============================================================
2025-08-01 06:48:13 - Iteration 47000 | Mix 0% | Seed 456 | Dim 92
2025-08-01 06:48:13 - Loss: val=2.0271 | LR: 5.00e-04
2025-08-01 06:48:13 -   S1->S2: 100.00% (50/50)
2025-08-01 06:48:13 -   S2->S3: 100.00% (50/50)
2025-08-01 06:48:13 -   S1->S3: 72.00% (36/50)
2025-08-01 06:48:37 - 
============================================================
2025-08-01 06:48:37 - Iteration 48000 | Mix 0% | Seed 456 | Dim 92
2025-08-01 06:48:37 - Loss: val=1.9805 | LR: 5.00e-04
2025-08-01 06:48:37 -   S1->S2: 100.00% (50/50)
2025-08-01 06:48:37 -   S2->S3: 100.00% (50/50)
2025-08-01 06:48:37 -   S1->S3: 68.00% (34/50)
2025-08-01 06:49:02 - 
============================================================
2025-08-01 06:49:02 - Iteration 49000 | Mix 0% | Seed 456 | Dim 92
2025-08-01 06:49:02 - Loss: val=1.9711 | LR: 5.00e-04
2025-08-01 06:49:02 -   S1->S2: 100.00% (50/50)
2025-08-01 06:49:02 -   S2->S3: 100.00% (50/50)
2025-08-01 06:49:02 -   S1->S3: 66.00% (33/50)
2025-08-01 06:49:26 - 
============================================================
2025-08-01 06:49:26 - Iteration 50000 | Mix 0% | Seed 456 | Dim 92
2025-08-01 06:49:26 - Loss: val=1.9583 | LR: 5.00e-04
2025-08-01 06:49:26 -   S1->S2: 100.00% (50/50)
2025-08-01 06:49:26 -   S2->S3: 100.00% (50/50)
2025-08-01 06:49:26 -   S1->S3: 66.00% (33/50)
2025-08-01 06:49:26 - 
============================================================
2025-08-01 06:49:26 - 🎉 Training finished! Results are in: out_d92/composition_mix0_seed456_20250801_062909
2025-08-01 06:49:26 - ============================================================
