2025-08-01 04:47:34 - ============================================================
2025-08-01 04:47:34 - Starting Final Training Suite
2025-08-01 04:47:34 -   - Model: 1L-1H-92D
2025-08-01 04:47:34 -   - Data: data/simple_graph/composition_90
2025-08-01 04:47:34 -   - Mixing Ratio: 0%
2025-08-01 04:47:34 -   - Seed: 42
2025-08-01 04:47:34 -   - Output Directory: out_d92/composition_mix0_seed42_20250801_044734
2025-08-01 04:47:34 - ============================================================
2025-08-01 04:47:34 - Model initialized: 0.11M parameters
2025-08-01 04:47:34 - 
Starting training...
2025-08-01 04:47:59 - 
============================================================
2025-08-01 04:47:59 - Iteration 1000 | Mix 0% | Seed 42 | Dim 92
2025-08-01 04:47:59 - Loss: val=1.3693 | LR: 2.50e-04
2025-08-01 04:47:59 -   S1->S2: 100.00% (50/50)
2025-08-01 04:47:59 -   S2->S3: 98.00% (49/50)
2025-08-01 04:47:59 -   S1->S3: 40.00% (20/50)
2025-08-01 04:48:24 - 
============================================================
2025-08-01 04:48:24 - Iteration 2000 | Mix 0% | Seed 42 | Dim 92
2025-08-01 04:48:24 - Loss: val=1.4866 | LR: 5.00e-04
2025-08-01 04:48:24 -   S1->S2: 100.00% (50/50)
2025-08-01 04:48:24 -   S2->S3: 100.00% (50/50)
2025-08-01 04:48:24 -   S1->S3: 78.00% (39/50)
2025-08-01 04:48:49 - 
============================================================
2025-08-01 04:48:49 - Iteration 3000 | Mix 0% | Seed 42 | Dim 92
2025-08-01 04:48:49 - Loss: val=1.5028 | LR: 5.00e-04
2025-08-01 04:48:49 -   S1->S2: 100.00% (50/50)
2025-08-01 04:48:49 -   S2->S3: 100.00% (50/50)
2025-08-01 04:48:49 -   S1->S3: 84.00% (42/50)
2025-08-01 04:49:14 - 
============================================================
2025-08-01 04:49:14 - Iteration 4000 | Mix 0% | Seed 42 | Dim 92
2025-08-01 04:49:14 - Loss: val=1.4938 | LR: 5.00e-04
2025-08-01 04:49:14 -   S1->S2: 100.00% (50/50)
2025-08-01 04:49:14 -   S2->S3: 100.00% (50/50)
2025-08-01 04:49:14 -   S1->S3: 82.00% (41/50)
2025-08-01 04:49:38 - 
============================================================
2025-08-01 04:49:38 - Iteration 5000 | Mix 0% | Seed 42 | Dim 92
2025-08-01 04:49:38 - Loss: val=1.5537 | LR: 5.00e-04
2025-08-01 04:49:38 -   S1->S2: 100.00% (50/50)
2025-08-01 04:49:38 -   S2->S3: 100.00% (50/50)
2025-08-01 04:49:38 -   S1->S3: 72.00% (36/50)
2025-08-01 04:50:03 - 
============================================================
2025-08-01 04:50:03 - Iteration 6000 | Mix 0% | Seed 42 | Dim 92
2025-08-01 04:50:03 - Loss: val=1.5464 | LR: 5.00e-04
2025-08-01 04:50:03 -   S1->S2: 100.00% (50/50)
2025-08-01 04:50:03 -   S2->S3: 100.00% (50/50)
2025-08-01 04:50:03 -   S1->S3: 80.00% (40/50)
2025-08-01 04:50:28 - 
============================================================
2025-08-01 04:50:28 - Iteration 7000 | Mix 0% | Seed 42 | Dim 92
2025-08-01 04:50:28 - Loss: val=1.5687 | LR: 5.00e-04
2025-08-01 04:50:28 -   S1->S2: 100.00% (50/50)
2025-08-01 04:50:28 -   S2->S3: 100.00% (50/50)
2025-08-01 04:50:28 -   S1->S3: 72.00% (36/50)
2025-08-01 04:50:53 - 
============================================================
2025-08-01 04:50:53 - Iteration 8000 | Mix 0% | Seed 42 | Dim 92
2025-08-01 04:50:53 - Loss: val=1.5920 | LR: 5.00e-04
2025-08-01 04:50:53 -   S1->S2: 100.00% (50/50)
2025-08-01 04:50:53 -   S2->S3: 100.00% (50/50)
2025-08-01 04:50:53 -   S1->S3: 60.00% (30/50)
2025-08-01 04:51:17 - 
============================================================
2025-08-01 04:51:17 - Iteration 9000 | Mix 0% | Seed 42 | Dim 92
2025-08-01 04:51:17 - Loss: val=1.5709 | LR: 5.00e-04
2025-08-01 04:51:17 -   S1->S2: 100.00% (50/50)
2025-08-01 04:51:17 -   S2->S3: 100.00% (50/50)
2025-08-01 04:51:17 -   S1->S3: 60.00% (30/50)
2025-08-01 04:51:42 - 
============================================================
2025-08-01 04:51:42 - Iteration 10000 | Mix 0% | Seed 42 | Dim 92
2025-08-01 04:51:42 - Loss: val=1.6102 | LR: 5.00e-04
2025-08-01 04:51:42 -   S1->S2: 100.00% (50/50)
2025-08-01 04:51:42 -   S2->S3: 100.00% (50/50)
2025-08-01 04:51:42 -   S1->S3: 72.00% (36/50)
2025-08-01 04:52:07 - 
============================================================
2025-08-01 04:52:07 - Iteration 11000 | Mix 0% | Seed 42 | Dim 92
2025-08-01 04:52:07 - Loss: val=1.6116 | LR: 5.00e-04
2025-08-01 04:52:07 -   S1->S2: 100.00% (50/50)
2025-08-01 04:52:07 -   S2->S3: 100.00% (50/50)
2025-08-01 04:52:07 -   S1->S3: 60.00% (30/50)
2025-08-01 04:52:32 - 
============================================================
2025-08-01 04:52:32 - Iteration 12000 | Mix 0% | Seed 42 | Dim 92
2025-08-01 04:52:32 - Loss: val=1.6337 | LR: 5.00e-04
2025-08-01 04:52:32 -   S1->S2: 100.00% (50/50)
2025-08-01 04:52:32 -   S2->S3: 100.00% (50/50)
2025-08-01 04:52:32 -   S1->S3: 66.00% (33/50)
2025-08-01 04:52:57 - 
============================================================
2025-08-01 04:52:57 - Iteration 13000 | Mix 0% | Seed 42 | Dim 92
2025-08-01 04:52:57 - Loss: val=1.6302 | LR: 5.00e-04
2025-08-01 04:52:57 -   S1->S2: 100.00% (50/50)
2025-08-01 04:52:57 -   S2->S3: 100.00% (50/50)
2025-08-01 04:52:57 -   S1->S3: 56.00% (28/50)
2025-08-01 04:53:21 - 
============================================================
2025-08-01 04:53:21 - Iteration 14000 | Mix 0% | Seed 42 | Dim 92
2025-08-01 04:53:21 - Loss: val=1.5798 | LR: 5.00e-04
2025-08-01 04:53:21 -   S1->S2: 100.00% (50/50)
2025-08-01 04:53:21 -   S2->S3: 100.00% (50/50)
2025-08-01 04:53:21 -   S1->S3: 56.00% (28/50)
2025-08-01 04:53:46 - 
============================================================
2025-08-01 04:53:46 - Iteration 15000 | Mix 0% | Seed 42 | Dim 92
2025-08-01 04:53:46 - Loss: val=1.6271 | LR: 5.00e-04
2025-08-01 04:53:46 -   S1->S2: 100.00% (50/50)
2025-08-01 04:53:46 -   S2->S3: 100.00% (50/50)
2025-08-01 04:53:46 -   S1->S3: 50.00% (25/50)
2025-08-01 04:54:11 - 
============================================================
2025-08-01 04:54:11 - Iteration 16000 | Mix 0% | Seed 42 | Dim 92
2025-08-01 04:54:11 - Loss: val=1.6156 | LR: 5.00e-04
2025-08-01 04:54:11 -   S1->S2: 100.00% (50/50)
2025-08-01 04:54:11 -   S2->S3: 100.00% (50/50)
2025-08-01 04:54:11 -   S1->S3: 44.00% (22/50)
2025-08-01 04:54:36 - 
============================================================
2025-08-01 04:54:36 - Iteration 17000 | Mix 0% | Seed 42 | Dim 92
2025-08-01 04:54:36 - Loss: val=1.6132 | LR: 5.00e-04
2025-08-01 04:54:36 -   S1->S2: 100.00% (50/50)
2025-08-01 04:54:36 -   S2->S3: 100.00% (50/50)
2025-08-01 04:54:36 -   S1->S3: 58.00% (29/50)
2025-08-01 04:55:01 - 
============================================================
2025-08-01 04:55:01 - Iteration 18000 | Mix 0% | Seed 42 | Dim 92
2025-08-01 04:55:01 - Loss: val=1.6092 | LR: 5.00e-04
2025-08-01 04:55:01 -   S1->S2: 100.00% (50/50)
2025-08-01 04:55:01 -   S2->S3: 100.00% (50/50)
2025-08-01 04:55:01 -   S1->S3: 62.00% (31/50)
2025-08-01 04:55:26 - 
============================================================
2025-08-01 04:55:26 - Iteration 19000 | Mix 0% | Seed 42 | Dim 92
2025-08-01 04:55:26 - Loss: val=1.6117 | LR: 5.00e-04
2025-08-01 04:55:26 -   S1->S2: 100.00% (50/50)
2025-08-01 04:55:26 -   S2->S3: 100.00% (50/50)
2025-08-01 04:55:26 -   S1->S3: 60.00% (30/50)
2025-08-01 04:55:51 - 
============================================================
2025-08-01 04:55:51 - Iteration 20000 | Mix 0% | Seed 42 | Dim 92
2025-08-01 04:55:51 - Loss: val=1.6352 | LR: 5.00e-04
2025-08-01 04:55:51 -   S1->S2: 100.00% (50/50)
2025-08-01 04:55:51 -   S2->S3: 100.00% (50/50)
2025-08-01 04:55:51 -   S1->S3: 50.00% (25/50)
2025-08-01 04:56:16 - 
============================================================
2025-08-01 04:56:16 - Iteration 21000 | Mix 0% | Seed 42 | Dim 92
2025-08-01 04:56:16 - Loss: val=1.6279 | LR: 5.00e-04
2025-08-01 04:56:16 -   S1->S2: 100.00% (50/50)
2025-08-01 04:56:16 -   S2->S3: 100.00% (50/50)
2025-08-01 04:56:16 -   S1->S3: 44.00% (22/50)
2025-08-01 04:56:41 - 
============================================================
2025-08-01 04:56:41 - Iteration 22000 | Mix 0% | Seed 42 | Dim 92
2025-08-01 04:56:41 - Loss: val=1.6562 | LR: 5.00e-04
2025-08-01 04:56:41 -   S1->S2: 100.00% (50/50)
2025-08-01 04:56:41 -   S2->S3: 100.00% (50/50)
2025-08-01 04:56:41 -   S1->S3: 52.00% (26/50)
2025-08-01 04:57:05 - 
============================================================
2025-08-01 04:57:05 - Iteration 23000 | Mix 0% | Seed 42 | Dim 92
2025-08-01 04:57:05 - Loss: val=1.6705 | LR: 5.00e-04
2025-08-01 04:57:05 -   S1->S2: 100.00% (50/50)
2025-08-01 04:57:05 -   S2->S3: 100.00% (50/50)
2025-08-01 04:57:05 -   S1->S3: 56.00% (28/50)
2025-08-01 04:57:30 - 
============================================================
2025-08-01 04:57:30 - Iteration 24000 | Mix 0% | Seed 42 | Dim 92
2025-08-01 04:57:30 - Loss: val=1.6355 | LR: 5.00e-04
2025-08-01 04:57:30 -   S1->S2: 100.00% (50/50)
2025-08-01 04:57:30 -   S2->S3: 100.00% (50/50)
2025-08-01 04:57:30 -   S1->S3: 56.00% (28/50)
2025-08-01 04:57:55 - 
============================================================
2025-08-01 04:57:55 - Iteration 25000 | Mix 0% | Seed 42 | Dim 92
2025-08-01 04:57:55 - Loss: val=1.7264 | LR: 5.00e-04
2025-08-01 04:57:55 -   S1->S2: 100.00% (50/50)
2025-08-01 04:57:55 -   S2->S3: 100.00% (50/50)
2025-08-01 04:57:55 -   S1->S3: 52.00% (26/50)
2025-08-01 04:58:20 - 
============================================================
2025-08-01 04:58:20 - Iteration 26000 | Mix 0% | Seed 42 | Dim 92
2025-08-01 04:58:20 - Loss: val=1.7086 | LR: 5.00e-04
2025-08-01 04:58:20 -   S1->S2: 100.00% (50/50)
2025-08-01 04:58:20 -   S2->S3: 100.00% (50/50)
2025-08-01 04:58:20 -   S1->S3: 58.00% (29/50)
2025-08-01 04:58:45 - 
============================================================
2025-08-01 04:58:45 - Iteration 27000 | Mix 0% | Seed 42 | Dim 92
2025-08-01 04:58:45 - Loss: val=1.7096 | LR: 5.00e-04
2025-08-01 04:58:45 -   S1->S2: 100.00% (50/50)
2025-08-01 04:58:45 -   S2->S3: 100.00% (50/50)
2025-08-01 04:58:45 -   S1->S3: 64.00% (32/50)
2025-08-01 04:59:10 - 
============================================================
2025-08-01 04:59:10 - Iteration 28000 | Mix 0% | Seed 42 | Dim 92
2025-08-01 04:59:10 - Loss: val=1.6939 | LR: 5.00e-04
2025-08-01 04:59:10 -   S1->S2: 100.00% (50/50)
2025-08-01 04:59:10 -   S2->S3: 100.00% (50/50)
2025-08-01 04:59:10 -   S1->S3: 52.00% (26/50)
2025-08-01 04:59:35 - 
============================================================
2025-08-01 04:59:35 - Iteration 29000 | Mix 0% | Seed 42 | Dim 92
2025-08-01 04:59:35 - Loss: val=1.7600 | LR: 5.00e-04
2025-08-01 04:59:35 -   S1->S2: 100.00% (50/50)
2025-08-01 04:59:35 -   S2->S3: 100.00% (50/50)
2025-08-01 04:59:35 -   S1->S3: 54.00% (27/50)
2025-08-01 05:00:00 - 
============================================================
2025-08-01 05:00:00 - Iteration 30000 | Mix 0% | Seed 42 | Dim 92
2025-08-01 05:00:00 - Loss: val=1.7641 | LR: 5.00e-04
2025-08-01 05:00:00 -   S1->S2: 100.00% (50/50)
2025-08-01 05:00:00 -   S2->S3: 100.00% (50/50)
2025-08-01 05:00:00 -   S1->S3: 56.00% (28/50)
2025-08-01 05:00:25 - 
============================================================
2025-08-01 05:00:25 - Iteration 31000 | Mix 0% | Seed 42 | Dim 92
2025-08-01 05:00:25 - Loss: val=1.7584 | LR: 5.00e-04
2025-08-01 05:00:25 -   S1->S2: 100.00% (50/50)
2025-08-01 05:00:25 -   S2->S3: 100.00% (50/50)
2025-08-01 05:00:25 -   S1->S3: 68.00% (34/50)
2025-08-01 05:00:49 - 
============================================================
2025-08-01 05:00:49 - Iteration 32000 | Mix 0% | Seed 42 | Dim 92
2025-08-01 05:00:49 - Loss: val=1.8009 | LR: 5.00e-04
2025-08-01 05:00:49 -   S1->S2: 100.00% (50/50)
2025-08-01 05:00:49 -   S2->S3: 100.00% (50/50)
2025-08-01 05:00:49 -   S1->S3: 54.00% (27/50)
2025-08-01 05:01:14 - 
============================================================
2025-08-01 05:01:14 - Iteration 33000 | Mix 0% | Seed 42 | Dim 92
2025-08-01 05:01:14 - Loss: val=1.8156 | LR: 5.00e-04
2025-08-01 05:01:14 -   S1->S2: 100.00% (50/50)
2025-08-01 05:01:14 -   S2->S3: 100.00% (50/50)
2025-08-01 05:01:14 -   S1->S3: 58.00% (29/50)
2025-08-01 05:01:39 - 
============================================================
2025-08-01 05:01:39 - Iteration 34000 | Mix 0% | Seed 42 | Dim 92
2025-08-01 05:01:39 - Loss: val=1.8148 | LR: 5.00e-04
2025-08-01 05:01:39 -   S1->S2: 100.00% (50/50)
2025-08-01 05:01:39 -   S2->S3: 100.00% (50/50)
2025-08-01 05:01:39 -   S1->S3: 58.00% (29/50)
2025-08-01 05:02:04 - 
============================================================
2025-08-01 05:02:04 - Iteration 35000 | Mix 0% | Seed 42 | Dim 92
2025-08-01 05:02:04 - Loss: val=1.7861 | LR: 5.00e-04
2025-08-01 05:02:04 -   S1->S2: 100.00% (50/50)
2025-08-01 05:02:04 -   S2->S3: 100.00% (50/50)
2025-08-01 05:02:04 -   S1->S3: 64.00% (32/50)
2025-08-01 05:02:29 - 
============================================================
2025-08-01 05:02:29 - Iteration 36000 | Mix 0% | Seed 42 | Dim 92
2025-08-01 05:02:29 - Loss: val=1.8600 | LR: 5.00e-04
2025-08-01 05:02:29 -   S1->S2: 100.00% (50/50)
2025-08-01 05:02:29 -   S2->S3: 100.00% (50/50)
2025-08-01 05:02:29 -   S1->S3: 50.00% (25/50)
2025-08-01 05:02:54 - 
============================================================
2025-08-01 05:02:54 - Iteration 37000 | Mix 0% | Seed 42 | Dim 92
2025-08-01 05:02:54 - Loss: val=1.8357 | LR: 5.00e-04
2025-08-01 05:02:54 -   S1->S2: 100.00% (50/50)
2025-08-01 05:02:54 -   S2->S3: 100.00% (50/50)
2025-08-01 05:02:54 -   S1->S3: 54.00% (27/50)
2025-08-01 05:03:18 - 
============================================================
2025-08-01 05:03:18 - Iteration 38000 | Mix 0% | Seed 42 | Dim 92
2025-08-01 05:03:18 - Loss: val=1.7585 | LR: 5.00e-04
2025-08-01 05:03:18 -   S1->S2: 100.00% (50/50)
2025-08-01 05:03:18 -   S2->S3: 100.00% (50/50)
2025-08-01 05:03:18 -   S1->S3: 60.00% (30/50)
2025-08-01 05:03:43 - 
============================================================
2025-08-01 05:03:43 - Iteration 39000 | Mix 0% | Seed 42 | Dim 92
2025-08-01 05:03:43 - Loss: val=1.8149 | LR: 5.00e-04
2025-08-01 05:03:43 -   S1->S2: 100.00% (50/50)
2025-08-01 05:03:43 -   S2->S3: 100.00% (50/50)
2025-08-01 05:03:43 -   S1->S3: 64.00% (32/50)
2025-08-01 05:04:08 - 
============================================================
2025-08-01 05:04:08 - Iteration 40000 | Mix 0% | Seed 42 | Dim 92
2025-08-01 05:04:08 - Loss: val=1.8480 | LR: 5.00e-04
2025-08-01 05:04:08 -   S1->S2: 100.00% (50/50)
2025-08-01 05:04:08 -   S2->S3: 100.00% (50/50)
2025-08-01 05:04:08 -   S1->S3: 58.00% (29/50)
2025-08-01 05:04:33 - 
============================================================
2025-08-01 05:04:33 - Iteration 41000 | Mix 0% | Seed 42 | Dim 92
2025-08-01 05:04:33 - Loss: val=1.7597 | LR: 5.00e-04
2025-08-01 05:04:33 -   S1->S2: 100.00% (50/50)
2025-08-01 05:04:33 -   S2->S3: 100.00% (50/50)
2025-08-01 05:04:33 -   S1->S3: 70.00% (35/50)
2025-08-01 05:04:58 - 
============================================================
2025-08-01 05:04:58 - Iteration 42000 | Mix 0% | Seed 42 | Dim 92
2025-08-01 05:04:58 - Loss: val=1.8516 | LR: 5.00e-04
2025-08-01 05:04:58 -   S1->S2: 100.00% (50/50)
2025-08-01 05:04:58 -   S2->S3: 100.00% (50/50)
2025-08-01 05:04:58 -   S1->S3: 52.00% (26/50)
2025-08-01 05:05:23 - 
============================================================
2025-08-01 05:05:23 - Iteration 43000 | Mix 0% | Seed 42 | Dim 92
2025-08-01 05:05:23 - Loss: val=1.8413 | LR: 5.00e-04
2025-08-01 05:05:23 -   S1->S2: 100.00% (50/50)
2025-08-01 05:05:23 -   S2->S3: 100.00% (50/50)
2025-08-01 05:05:23 -   S1->S3: 68.00% (34/50)
2025-08-01 05:05:47 - 
============================================================
2025-08-01 05:05:47 - Iteration 44000 | Mix 0% | Seed 42 | Dim 92
2025-08-01 05:05:47 - Loss: val=1.7845 | LR: 5.00e-04
2025-08-01 05:05:47 -   S1->S2: 100.00% (50/50)
2025-08-01 05:05:47 -   S2->S3: 100.00% (50/50)
2025-08-01 05:05:47 -   S1->S3: 54.00% (27/50)
2025-08-01 05:06:12 - 
============================================================
2025-08-01 05:06:12 - Iteration 45000 | Mix 0% | Seed 42 | Dim 92
2025-08-01 05:06:12 - Loss: val=1.8425 | LR: 5.00e-04
2025-08-01 05:06:12 -   S1->S2: 100.00% (50/50)
2025-08-01 05:06:12 -   S2->S3: 100.00% (50/50)
2025-08-01 05:06:12 -   S1->S3: 62.00% (31/50)
2025-08-01 05:06:37 - 
============================================================
2025-08-01 05:06:37 - Iteration 46000 | Mix 0% | Seed 42 | Dim 92
2025-08-01 05:06:37 - Loss: val=1.8375 | LR: 5.00e-04
2025-08-01 05:06:37 -   S1->S2: 100.00% (50/50)
2025-08-01 05:06:37 -   S2->S3: 100.00% (50/50)
2025-08-01 05:06:37 -   S1->S3: 72.00% (36/50)
2025-08-01 05:07:02 - 
============================================================
2025-08-01 05:07:02 - Iteration 47000 | Mix 0% | Seed 42 | Dim 92
2025-08-01 05:07:02 - Loss: val=1.8253 | LR: 5.00e-04
2025-08-01 05:07:02 -   S1->S2: 100.00% (50/50)
2025-08-01 05:07:02 -   S2->S3: 100.00% (50/50)
2025-08-01 05:07:02 -   S1->S3: 60.00% (30/50)
2025-08-01 05:07:27 - 
============================================================
2025-08-01 05:07:27 - Iteration 48000 | Mix 0% | Seed 42 | Dim 92
2025-08-01 05:07:27 - Loss: val=1.8855 | LR: 5.00e-04
2025-08-01 05:07:27 -   S1->S2: 100.00% (50/50)
2025-08-01 05:07:27 -   S2->S3: 100.00% (50/50)
2025-08-01 05:07:27 -   S1->S3: 66.00% (33/50)
2025-08-01 05:07:51 - 
============================================================
2025-08-01 05:07:51 - Iteration 49000 | Mix 0% | Seed 42 | Dim 92
2025-08-01 05:07:51 - Loss: val=1.9010 | LR: 5.00e-04
2025-08-01 05:07:51 -   S1->S2: 100.00% (50/50)
2025-08-01 05:07:51 -   S2->S3: 100.00% (50/50)
2025-08-01 05:07:51 -   S1->S3: 64.00% (32/50)
2025-08-01 05:08:16 - 
============================================================
2025-08-01 05:08:16 - Iteration 50000 | Mix 0% | Seed 42 | Dim 92
2025-08-01 05:08:16 - Loss: val=1.8783 | LR: 5.00e-04
2025-08-01 05:08:16 -   S1->S2: 100.00% (50/50)
2025-08-01 05:08:16 -   S2->S3: 100.00% (50/50)
2025-08-01 05:08:16 -   S1->S3: 70.00% (35/50)
2025-08-01 05:08:16 - 
============================================================
2025-08-01 05:08:16 - 🎉 Training finished! Results are in: out_d92/composition_mix0_seed42_20250801_044734
2025-08-01 05:08:16 - ============================================================
