============================================================
        🚀 Hybrid Model Compositionality Evaluation 🚀       
============================================================
[*] Loading model from: hybrid_models/grafted_mode-projection_k2_lam0.5_alpha1.25_seed42_NO_PROCRUSTES.pt
[*] Using data from: data/simple_graph/composition_90
[*] Model loaded successfully: 0.12M parameters
[*] Loading evaluation data...
[*] Data loaded.

[*] Starting evaluation...

============================================================
               📊 E V A L U A T I O N   R E S U L T S 📊              
============================================================
Model File: grafted_mode-projection_k2_lam0.5_alpha1.25_seed42_NO_PROCRUSTES.pt
------------------------------------------------------------
  - S1->S2 : 100.00% accuracy (50/50)
  - S2->S3 : 100.00% accuracy (50/50)
  - S1->S3 : 76.00% accuracy (38/50)
------------------------------------------------------------
  Overall Accuracy: 92.00%
============================================================
